Component: Arm Compiler for Embedded 6.18 Tool: armlink [5e4cc100]

==============================================================================

Section Cross References

    startup_stm32l4a6xx.o(RESET) refers to startup_stm32l4a6xx.o(STACK) for __initial_sp
    startup_stm32l4a6xx.o(RESET) refers to startup_stm32l4a6xx.o(.text) for Reset_Handler
    startup_stm32l4a6xx.o(RESET) refers to stm32l4xx_it.o(.text.NMI_Handler) for NMI_Handler
    startup_stm32l4a6xx.o(RESET) refers to stm32l4xx_it.o(.text.HardFault_Handler) for HardFault_Handler
    startup_stm32l4a6xx.o(RESET) refers to stm32l4xx_it.o(.text.MemManage_Handler) for MemManage_Handler
    startup_stm32l4a6xx.o(RESET) refers to stm32l4xx_it.o(.text.BusFault_Handler) for BusFault_Handler
    startup_stm32l4a6xx.o(RESET) refers to stm32l4xx_it.o(.text.UsageFault_Handler) for UsageFault_Handler
    startup_stm32l4a6xx.o(RESET) refers to stm32l4xx_it.o(.text.SVC_Handler) for SVC_Handler
    startup_stm32l4a6xx.o(RESET) refers to stm32l4xx_it.o(.text.DebugMon_Handler) for DebugMon_Handler
    startup_stm32l4a6xx.o(RESET) refers to stm32l4xx_it.o(.text.PendSV_Handler) for PendSV_Handler
    startup_stm32l4a6xx.o(RESET) refers to stm32l4xx_it.o(.text.SysTick_Handler) for SysTick_Handler
    startup_stm32l4a6xx.o(RESET) refers to stm32l4xx_it.o(.text.TIM2_IRQHandler) for TIM2_IRQHandler
    startup_stm32l4a6xx.o(.text) refers to system_stm32l4xx.o(.text.SystemInit) for SystemInit
    startup_stm32l4a6xx.o(.text) refers to entry.o(.ARM.Collect$$$$00000000) for __main
    network.o(.text.ai_network_get_info) refers to ai_platform_interface.o(i.ai_platform_context_acquire) for ai_platform_context_acquire
    network.o(.text.ai_network_get_info) refers to ai_platform_interface.o(i.ai_platform_runtime_get_revision) for ai_platform_runtime_get_revision
    network.o(.text.ai_network_get_info) refers to ai_platform_interface.o(i.ai_platform_runtime_get_version) for ai_platform_runtime_get_version
    network.o(.text.ai_network_get_info) refers to ai_platform_interface.o(i.ai_platform_api_get_version) for ai_platform_api_get_version
    network.o(.text.ai_network_get_info) refers to ai_platform_interface.o(i.ai_platform_interface_api_get_version) for ai_platform_interface_api_get_version
    network.o(.text.ai_network_get_info) refers to memseta.o(.text) for __aeabi_memclr4
    network.o(.text.ai_network_get_info) refers to ai_platform_interface.o(i.ai_platform_api_get_network_report) for ai_platform_api_get_network_report
    network.o(.text.ai_network_get_info) refers to memcpya.o(.text) for __aeabi_memcpy4
    network.o(.text.ai_network_get_info) refers to network.o(.rodata.str1.1) for [Anonymous Symbol]
    network.o(.ARM.exidx.text.ai_network_get_info) refers to network.o(.text.ai_network_get_info) for [Anonymous Symbol]
    network.o(.text.ai_network_get_report) refers to ai_platform_interface.o(i.ai_platform_context_acquire) for ai_platform_context_acquire
    network.o(.text.ai_network_get_report) refers to ai_platform_interface.o(i.ai_platform_runtime_get_revision) for ai_platform_runtime_get_revision
    network.o(.text.ai_network_get_report) refers to ai_platform_interface.o(i.ai_platform_runtime_get_version) for ai_platform_runtime_get_version
    network.o(.text.ai_network_get_report) refers to ai_platform_interface.o(i.ai_platform_api_get_version) for ai_platform_api_get_version
    network.o(.text.ai_network_get_report) refers to ai_platform_interface.o(i.ai_platform_interface_api_get_version) for ai_platform_interface_api_get_version
    network.o(.text.ai_network_get_report) refers to memseta.o(.text) for __aeabi_memclr4
    network.o(.text.ai_network_get_report) refers to ai_platform_interface.o(i.ai_platform_api_get_network_report) for ai_platform_api_get_network_report
    network.o(.text.ai_network_get_report) refers to memcpya.o(.text) for __aeabi_memcpy4
    network.o(.text.ai_network_get_report) refers to network.o(.rodata.str1.1) for [Anonymous Symbol]
    network.o(.ARM.exidx.text.ai_network_get_report) refers to network.o(.text.ai_network_get_report) for [Anonymous Symbol]
    network.o(.text.ai_network_get_error) refers to ai_platform_interface.o(i.ai_platform_network_get_error) for ai_platform_network_get_error
    network.o(.ARM.exidx.text.ai_network_get_error) refers to network.o(.text.ai_network_get_error) for [Anonymous Symbol]
    network.o(.text.ai_network_create) refers to ai_platform_interface.o(i.ai_platform_network_create) for ai_platform_network_create
    network.o(.text.ai_network_create) refers to network.o(.data.g_network) for [Anonymous Symbol]
    network.o(.ARM.exidx.text.ai_network_create) refers to network.o(.text.ai_network_create) for [Anonymous Symbol]
    network.o(.text.ai_network_create_and_init) refers to network.o(.text.ai_network_create) for ai_network_create
[...]
    _printf_longlong_hex                     0x00000000   Number         0  printfstubs.o ABSOLUTE
    _printf_longlong_oct                     0x00000000   Number         0  printfstubs.o ABSOLUTE
    _printf_ls                               0x00000000   Number         0  printfstubs.o ABSOLUTE
    _printf_mbtowc                           0x00000000   Number         0  printfstubs.o ABSOLUTE
    _printf_n                                0x00000000   Number         0  printfstubs.o ABSOLUTE
    _printf_o                                0x00000000   Number         0  printfstubs.o ABSOLUTE
    _printf_p                                0x00000000   Number         0  printfstubs.o ABSOLUTE
    _printf_percent                          0x00000000   Number         0  printfstubs.o ABSOLUTE
    _printf_pre_padding                      0x00000000   Number         0  printfstubs.o ABSOLUTE
    _printf_return_value                     0x00000000   Number         0  printfstubs.o ABSOLUTE
    _printf_s                                0x00000000   Number         0  printfstubs.o ABSOLUTE
    _printf_sizespec                         0x00000000   Number         0  printfstubs.o ABSOLUTE
    _printf_str                              0x00000000   Number         0  printfstubs.o ABSOLUTE
    _printf_truncate_signed                  0x00000000   Number         0  printfstubs.o ABSOLUTE
    _printf_truncate_unsigned                0x00000000   Number         0  printfstubs.o ABSOLUTE
    _printf_u                                0x00000000   Number         0  printfstubs.o ABSOLUTE
    _printf_wc                               0x00000000   Number         0  printfstubs.o ABSOLUTE
    _printf_wctomb                           0x00000000   Number         0  printfstubs.o ABSOLUTE
    _printf_widthprec                        0x00000000   Number         0  printfstubs.o ABSOLUTE
    _printf_x                                0x00000000   Number         0  printfstubs.o ABSOLUTE
    __cpp_initialize__aeabi_                  - Undefined Weak Reference
    __cxa_finalize                            - Undefined Weak Reference
    _clock_init                               - Undefined Weak Reference
    _microlib_exit                            - Undefined Weak Reference
    _scanf_longlong                           - Undefined Weak Reference
    _scanf_string                             - Undefined Weak Reference
    __Vectors_Size                           0x000001ac   Number         0  startup_stm32l4a6xx.o ABSOLUTE
    __Vectors                                0x08000000   Data           4  startup_stm32l4a6xx.o(RESET)
    __Vectors_End                            0x080001ac   Data           0  startup_stm32l4a6xx.o(RESET)
    __main                                   0x080001ad   Thumb Code     0  entry.o(.ARM.Collect$$$$00000000)
    _main_stk                                0x080001ad   Thumb Code     0  entry2.o(.ARM.Collect$$$$00000001)
    _main_scatterload                        0x080001b1   Thumb Code     0  entry5.o(.ARM.Collect$$$$00000004)
    __main_after_scatterload                 0x080001b5   Thumb Code     0  entry5.o(.ARM.Collect$$$$00000004)
    _main_clock                              0x080001b5   Thumb Code     0  entry7b.o(.ARM.Collect$$$$00000008)
    _main_cpp_init                           0x080001b5   Thumb Code     0  entry8b.o(.ARM.Collect$$$$0000000A)
    _main_init                               0x080001b5   Thumb Code     0  entry9a.o(.ARM.Collect$$$$0000000B)
    __rt_final_cpp                           0x080001bd   Thumb Code     0  entry10a.o(.ARM.Collect$$$$0000000D)
    __rt_final_exit                          0x080001bd   Thumb Code     0  entry11a.o(.ARM.Collect$$$$0000000F)
    Reset_Handler                            0x080001c1   Thumb Code     8  startup_stm32l4a6xx.o(.text)
    ADC1_2_IRQHandler                        0x080001db   Thumb Code     0  startup_stm32l4a6xx.o(.text)
    ADC3_IRQHandler                          0x080001db   Thumb Code     0  startup_stm32l4a6xx.o(.text)
    AES_IRQHandler                           0x080001db   Thumb Code     0  startup_stm32l4a6xx.o(.text)
    CAN1_RX0_IRQHandler                      0x080001db   Thumb Code     0  startup_stm32l4a6xx.o(.text)
    CAN1_RX1_IRQHandler                      0x080001db   Thumb Code     0  startup_stm32l4a6xx.o(.text)
    CAN1_SCE_IRQHandler                      0x080001db   Thumb Code     0  startup_stm32l4a6xx.o(.text)
    CAN1_TX_IRQHandler                       0x080001db   Thumb Code     0  startup_stm32l4a6xx.o(.text)
    CAN2_RX0_IRQHandler                      0x080001db   Thumb Code     0  startup_stm32l4a6xx.o(.text)
    CAN2_RX1_IRQHandler                      0x080001db   Thumb Code     0  startup_stm32l4a6xx.o(.text)
    CAN2_SCE_IRQHandler                      0x080001db   Thumb Code     0  startup_stm32l4a6xx.o(.text)
    CAN2_TX_IRQHandler                       0x080001db   Thumb Code     0  startup_stm32l4a6xx.o(.text)
    COMP_IRQHandler                          0x080001db   Thumb Code     0  startup_stm32l4a6xx.o(.text)
    CRS_IRQHandler                           0x080001db   Thumb Code     0  startup_stm32l4a6xx.o(.text)
    DCMI_IRQHandler                          0x080001db   Thumb Code     0  startup_stm32l4a6xx.o(.text)
    DFSDM1_FLT0_IRQHandler                   0x080001db   Thumb Code     0  startup_stm32l4a6xx.o(.text)
    DFSDM1_FLT1_IRQHandler                   0x080001db   Thumb Code     0  startup_stm32l4a6xx.o(.text)
    DFSDM1_FLT2_IRQHandler                   0x080001db   Thumb Code     0  startup_stm32l4a6xx.o(.text)
    DFSDM1_FLT3_IRQHandler                   0x080001db   Thumb Code     0  startup_stm32l4a6xx.o(.text)
    DMA1_Channel1_IRQHandler                 0x080001db   Thumb Code     0  startup_stm32l4a6xx.o(.text)
    DMA1_Channel2_IRQHandler                 0x080001db   Thumb Code     0  startup_stm32l4a6xx.o(.text)
    DMA1_Channel3_IRQHandler                 0x080001db   Thumb Code     0  startup_stm32l4a6xx.o(.text)
    DMA1_Channel4_IRQHandler                 0x080001db   Thumb Code     0  startup_stm32l4a6xx.o(.text)
    DMA1_Channel5_IRQHandler                 0x080001db   Thumb Code     0  startup_stm32l4a6xx.o(.text)
    DMA1_Channel6_IRQHandler                 0x080001db   Thumb Code     0  startup_stm32l4a6xx.o(.text)
    DMA1_Channel7_IRQHandler                 0x080001db   Thumb Code     0  startup_stm32l4a6xx.o(.text)
    DMA2D_IRQHandler                         0x080001db   Thumb Code     0  startup_stm32l4a6xx.o(.text)
    DMA2_Channel1_IRQHandler                 0x080001db   Thumb Code     0  startup_stm32l4a6xx.o(.text)
    DMA2_Channel2_IRQHandler                 0x080001db   Thumb Code     0  startup_stm32l4a6xx.o(.text)
    DMA2_Channel3_IRQHandler                 0x080001db   Thumb Code     0  startup_stm32l4a6xx.o(.text)
    DMA2_Channel4_IRQHandler                 0x080001db   Thumb Code     0  startup_stm32l4a6xx.o(.text)
    DMA2_Channel5_IRQHandler                 0x080001db   Thumb Code     0  startup_stm32l4a6xx.o(.text)
    DMA2_Channel6_IRQHandler                 0x080001db   Thumb Code     0  startup_stm32l4a6xx.o(.text)
    DMA2_Channel7_IRQHandler                 0x080001db   Thumb Code     0  startup_stm32l4a6xx.o(.text)
    EXTI0_IRQHandler                         0x080001db   Thumb Code     0  startup_stm32l4a6xx.o(.text)
    EXTI15_10_IRQHandler                     0x080001db   Thumb Code     0  startup_stm32l4a6xx.o(.text)
    EXTI1_IRQHandler                         0x080001db   Thumb Code     0  startup_stm32l4a6xx.o(.text)
    EXTI2_IRQHandler                         0x080001db   Thumb Code     0  startup_stm32l4a6xx.o(.text)
    EXTI3_IRQHandler                         0x080001db   Thumb Code     0  startup_stm32l4a6xx.o(.text)
    EXTI4_IRQHandler                         0x080001db   Thumb Code     0  startup_stm32l4a6xx.o(.text)
    EXTI9_5_IRQHandler                       0x080001db   Thumb Code     0  startup_stm32l4a6xx.o(.text)
    FLASH_IRQHandler                         0x080001db   Thumb Code     0  startup_stm32l4a6xx.o(.text)
    FMC_IRQHandler                           0x080001db   Thumb Code     0  startup_stm32l4a6xx.o(.text)
    FPU_IRQHandler                           0x080001db   Thumb Code     0  startup_stm32l4a6xx.o(.text)
    HASH_RNG_IRQHandler                      0x080001db   Thumb Code     0  startup_stm32l4a6xx.o(.text)
    I2C1_ER_IRQHandler                       0x080001db   Thumb Code     0  startup_stm32l4a6xx.o(.text)
    I2C1_EV_IRQHandler                       0x080001db   Thumb Code     0  startup_stm32l4a6xx.o(.text)
    I2C2_ER_IRQHandler                       0x080001db   Thumb Code     0  startup_stm32l4a6xx.o(.text)
    I2C2_EV_IRQHandler                       0x080001db   Thumb Code     0  startup_stm32l4a6xx.o(.text)
    I2C3_ER_IRQHandler                       0x080001db   Thumb Code     0  startup_stm32l4a6xx.o(.text)
    I2C3_EV_IRQHandler                       0x080001db   Thumb Code     0  startup_stm32l4a6xx.o(.text)
    I2C4_ER_IRQHandler                       0x080001db   Thumb Code     0  startup_stm32l4a6xx.o(.text)
    I2C4_EV_IRQHandler                       0x080001db   Thumb Code     0  startup_stm32l4a6xx.o(.text)
    LCD_IRQHandler                           0x080001db   Thumb Code     0  startup_stm32l4a6xx.o(.text)
    LPTIM1_IRQHandler                        0x080001db   Thumb Code     0  startup_stm32l4a6xx.o(.text)
    LPTIM2_IRQHandler                        0x080001db   Thumb Code     0  startup_stm32l4a6xx.o(.text)
    LPUART1_IRQHandler                       0x080001db   Thumb Code     0  startup_stm32l4a6xx.o(.text)
    OTG_FS_IRQHandler                        0x080001db   Thumb Code     0  startup_stm32l4a6xx.o(.text)
    PVD_PVM_IRQHandler                       0x080001db   Thumb Code     0  startup_stm32l4a6xx.o(.text)
    QUADSPI_IRQHandler                       0x080001db   Thumb Code     0  startup_stm32l4a6xx.o(.text)
    RCC_IRQHandler                           0x080001db   Thumb Code     0  startup_stm32l4a6xx.o(.text)
    RTC_Alarm_IRQHandler                     0x080001db   Thumb Code     0  startup_stm32l4a6xx.o(.text)
    RTC_WKUP_IRQHandler                      0x080001db   Thumb Code     0  startup_stm32l4a6xx.o(.text)
    SAI1_IRQHandler                          0x080001db   Thumb Code     0  startup_stm32l4a6xx.o(.text)
    SAI2_IRQHandler                          0x080001db   Thumb Code     0  startup_stm32l4a6xx.o(.text)
    SDMMC1_IRQHandler                        0x080001db   Thumb Code     0  startup_stm32l4a6xx.o(.text)
    SPI1_IRQHandler                          0x080001db   Thumb Code     0  startup_stm32l4a6xx.o(.text)
    SPI2_IRQHandler                          0x080001db   Thumb Code     0  startup_stm32l4a6xx.o(.text)
    SPI3_IRQHandler                          0x080001db   Thumb Code     0  startup_stm32l4a6xx.o(.text)
    SWPMI1_IRQHandler                        0x080001db   Thumb Code     0  startup_stm32l4a6xx.o(.text)
    TAMP_STAMP_IRQHandler                    0x080001db   Thumb Code     0  startup_stm32l4a6xx.o(.text)
    TIM1_BRK_TIM15_IRQHandler                0x080001db   Thumb Code     0  startup_stm32l4a6xx.o(.text)
    TIM1_CC_IRQHandler                       0x080001db   Thumb Code     0  startup_stm32l4a6xx.o(.text)
    TIM1_TRG_COM_TIM17_IRQHandler            0x080001db   Thumb Code     0  startup_stm32l4a6xx.o(.text)
    TIM1_UP_TIM16_IRQHandler                 0x080001db   Thumb Code     0  startup_stm32l4a6xx.o(.text)
    TIM3_IRQHandler                          0x080001db   Thumb Code     0  startup_stm32l4a6xx.o(.text)
    TIM4_IRQHandler                          0x080001db   Thumb Code     0  startup_stm32l4a6xx.o(.text)
    TIM5_IRQHandler                          0x080001db   Thumb Code     0  startup_stm32l4a6xx.o(.text)
    TIM6_DAC_IRQHandler                      0x080001db   Thumb Code     0  startup_stm32l4a6xx.o(.text)
    TIM7_IRQHandler                          0x080001db   Thumb Code     0  startup_stm32l4a6xx.o(.text)
    TIM8_BRK_IRQHandler                      0x080001db   Thumb Code     0  startup_stm32l4a6xx.o(.text)
    TIM8_CC_IRQHandler                       0x080001db   Thumb Code     0  startup_stm32l4a6xx.o(.text)
    TIM8_TRG_COM_IRQHandler                  0x080001db   Thumb Code     0  startup_stm32l4a6xx.o(.text)
    TIM8_UP_IRQHandler                       0x080001db   Thumb Code     0  startup_stm32l4a6xx.o(.text)
    TSC_IRQHandler                           0x080001db   Thumb Code     0  startup_stm32l4a6xx.o(.text)
    UART4_IRQHandler                         0x080001db   Thumb Code     0  startup_stm32l4a6xx.o(.text)
    UART5_IRQHandler                         0x080001db   Thumb Code     0  startup_stm32l4a6xx.o(.text)
    USART1_IRQHandler                        0x080001db   Thumb Code     0  startup_stm32l4a6xx.o(.text)
    USART2_IRQHandler                        0x080001db   Thumb Code     0  startup_stm32l4a6xx.o(.text)
    USART3_IRQHandler                        0x080001db   Thumb Code     0  startup_stm32l4a6xx.o(.text)
    WWDG_IRQHandler                          0x080001db   Thumb Code     0  startup_stm32l4a6xx.o(.text)
    __aeabi_uldivmod                         0x080001e5   Thumb Code    98  uldiv.o(.text)
    __aeabi_memcpy                           0x0800024d   Thumb Code    36  memcpya.o(.text)
    __aeabi_memcpy4                          0x0800024d   Thumb Code     0  memcpya.o(.text)
    __aeabi_memcpy8                          0x0800024d   Thumb Code     0  memcpya.o(.text)
    __aeabi_memset                           0x08000271   Thumb Code    14  memseta.o(.text)
    __aeabi_memset4                          0x08000271   Thumb Code     0  memseta.o(.text)
    __aeabi_memset8                          0x08000271   Thumb Code     0  memseta.o(.text)
    __aeabi_memclr                           0x0800027f   Thumb Code     4  memseta.o(.text)
    __aeabi_memclr4                          0x0800027f   Thumb Code     0  memseta.o(.text)
    __aeabi_memclr8                          0x0800027f   Thumb Code     0  memseta.o(.text)
    _memset$wrapper                          0x08000283   Thumb Code    18  memseta.o(.text)
    memcmp                                   0x08000295   Thumb Code    26  memcmp.o(.text)
    __0scanf                                 0x080002b1   Thumb Code    26  __0scanf.o(.text)
    _scanf_int                               0x080002d1   Thumb Code   332  _scanf_int.o(.text)
    _scanf_real                              0x0800054d   Thumb Code     0  scanf_fp.o(.text)
    _scanf_really_real                       0x0800054d   Thumb Code   556  scanf_fp.o(.text)
    __aeabi_dadd                             0x0800078b   Thumb Code   322  dadd.o(.text)
    __aeabi_dsub                             0x080008cd   Thumb Code     6  dadd.o(.text)
    __aeabi_drsub                            0x080008d3   Thumb Code     6  dadd.o(.text)
    __aeabi_ddiv                             0x080008e9   Thumb Code   222  ddiv.o(.text)
    __aeabi_ui2d                             0x080009c7   Thumb Code    26  dfltui.o(.text)
    __aeabi_uidiv                            0x080009e1   Thumb Code     0  uidiv.o(.text)
    __aeabi_uidivmod                         0x080009e1   Thumb Code    44  uidiv.o(.text)
    __aeabi_llsl                             0x08000a0d   Thumb Code    30  llshl.o(.text)
    _ll_shift_l                              0x08000a0d   Thumb Code     0  llshl.o(.text)
    __aeabi_llsr                             0x08000a2b   Thumb Code    32  llushr.o(.text)
    _ll_ushift_r                             0x08000a2b   Thumb Code     0  llushr.o(.text)
    __aeabi_lasr                             0x08000a4b   Thumb Code    36  llsshr.o(.text)
    _ll_sshift_r                             0x08000a4b   Thumb Code     0  llsshr.o(.text)
    _chval                                   0x08000a6f   Thumb Code    28  _chval.o(.text)
    __vfscanf_char_file                      0x08000a8d   Thumb Code    12  scanf_char_file.o(.text)
    __I$use$fp                               0x08000aa1   Thumb Code     0  iusefp.o(.text)
    _double_round                            0x08000aa1   Thumb Code    30  depilogue.o(.text)
    _double_epilogue                         0x08000abf   Thumb Code   156  depilogue.o(.text)
    __aeabi_dmul                             0x08000b5b   Thumb Code   228  dmul.o(.text)
    __aeabi_ul2d                             0x08000c45   Thumb Code    24  dfltul.o(.text)
    __aeabi_d2ulz                            0x08000c5d   Thumb Code    48  dfixul.o(.text)
    __aeabi_cdrcmple                         0x08000c8d   Thumb Code    48  cdrcmple.o(.text)
    __aeabi_d2f                              0x08000cbd   Thumb Code    56  d2f.o(.text)
    __scatterload                            0x08000cf5   Thumb Code    28  init.o(.text)
    __scatterload_rt2                        0x08000cf5   Thumb Code     0  init.o(.text)
    _fgetc$bs                                0x08000d19   Thumb Code    28  fgetc_b.o(.text)
    __backspace                              0x08000d35   Thumb Code    10  fgetc_b.o(.text)
    __vfscanf_char                           0x08000d51   Thumb Code    20  scanf_char.o(.text)
    _float_round                             0x08000d6d   Thumb Code    18  fepilogue.o(.text)
    _float_epilogue                          0x08000d7f   Thumb Code    92  fepilogue.o(.text)
    __semihosting_library_function           0x08000ddb   Thumb Code     0  semi.o(.text)
    isspace                                  0x08000ddb   Thumb Code    10  isspace_c.o(.text)
    __vfscanf                                0x08000de5   Thumb Code   808  _scanf.o(.text)
    __I$use$semihosting$fgetc                0x08001117   Thumb Code     0  iusesemig.o(.text)
    __ctype_lookup                           0x08001119   Thumb Code    34  ctype_c.o(.text)
    __decompress                             0x08001141   Thumb Code     0  __dczerorl2.o(.text)
    __decompress1                            0x08001141   Thumb Code    86  __dczerorl2.o(.text)
    BusFault_Handler                         0x08001197   Thumb Code     2  stm32l4xx_it.o(.text.BusFault_Handler)
    DebugMon_Handler                         0x08001199   Thumb Code     2  stm32l4xx_it.o(.text.DebugMon_Handler)
    Error_Handler                            0x0800119b   Thumb Code     8  main.o(.text.Error_Handler)
    HAL_CRCEx_Polynomial_Set                 0x080011a5   Thumb Code    78  stm32l4xx_hal_crc_ex.o(.text.HAL_CRCEx_Polynomial_Set)
    HAL_CRC_Init                             0x080011f5   Thumb Code   108  stm32l4xx_hal_crc.o(.text.HAL_CRC_Init)
    HAL_CRC_MspInit                          0x08001265   Thumb Code    36  crc.o(.text.HAL_CRC_MspInit)
    HAL_Delay                                0x08001291   Thumb Code    32  stm32l4xx_hal.o(.text.HAL_Delay)
    HAL_GPIO_Init                            0x080012b1   Thumb Code   388  stm32l4xx_hal_gpio.o(.text.HAL_GPIO_Init)
    HAL_GPIO_WritePin                        0x0800144f   Thumb Code    12  stm32l4xx_hal_gpio.o(.text.HAL_GPIO_WritePin)
    HAL_GetTick                              0x0800145d   Thumb Code     8  stm32l4xx_hal.o(.text.HAL_GetTick)
    HAL_IncTick                              0x08001465   Thumb Code    16  stm32l4xx_hal.o(.text.HAL_IncTick)
    HAL_Init                                 0x08001479   Thumb Code    28  stm32l4xx_hal.o(.text.HAL_Init)
    HAL_InitTick                             0x08001495   Thumb Code    64  stm32l4xx_hal.o(.text.HAL_InitTick)
    HAL_MspInit                              0x080014d9   Thumb Code    44  stm32l4xx_hal_msp.o(.text.HAL_MspInit)
    HAL_NVIC_EnableIRQ                       0x08001509   Thumb Code    24  stm32l4xx_hal_cortex.o(.text.HAL_NVIC_EnableIRQ)
    HAL_NVIC_SetPriority                     0x08001525   Thumb Code    72  stm32l4xx_hal_cortex.o(.text.HAL_NVIC_SetPriority)
    HAL_NVIC_SetPriorityGrouping             0x08001571   Thumb Code    24  stm32l4xx_hal_cortex.o(.text.HAL_NVIC_SetPriorityGrouping)
    HAL_PCDEx_ActivateLPM                    0x08001591   Thumb Code    36  stm32l4xx_hal_pcd_ex.o(.text.HAL_PCDEx_ActivateLPM)
    HAL_PCD_Init                             0x080015b9   Thumb Code   324  stm32l4xx_hal_pcd.o(.text.HAL_PCD_Init)
    HAL_PCD_MspInit                          0x08001705   Thumb Code   208  usb_otg.o(.text.HAL_PCD_MspInit)
    HAL_PWREx_ControlVoltageScaling          0x080017d9   Thumb Code   100  stm32l4xx_hal_pwr_ex.o(.text.HAL_PWREx_ControlVoltageScaling)
    HAL_PWREx_EnableVddIO2                   0x08001845   Thumb Code    12  stm32l4xx_hal_pwr_ex.o(.text.HAL_PWREx_EnableVddIO2)
    HAL_PWREx_EnableVddUSB                   0x08001851   Thumb Code     8  stm32l4xx_hal_pwr_ex.o(.text.HAL_PWREx_EnableVddUSB)
    HAL_PWREx_GetVoltageRange                0x0800185d   Thumb Code    12  stm32l4xx_hal_pwr_ex.o(.text.HAL_PWREx_GetVoltageRange)
    HAL_PWR_EnableBkUpAccess                 0x08001869   Thumb Code    12  stm32l4xx_hal_pwr.o(.text.HAL_PWR_EnableBkUpAccess)
    HAL_RCCEx_EnableMSIPLLMode               0x08001875   Thumb Code    12  stm32l4xx_hal_rcc_ex.o(.text.HAL_RCCEx_EnableMSIPLLMode)
    HAL_RCCEx_PeriphCLKConfig                0x08001885   Thumb Code   788  stm32l4xx_hal_rcc_ex.o(.text.HAL_RCCEx_PeriphCLKConfig)
    HAL_RCC_ClockConfig                      0x08001ba9   Thumb Code   324  stm32l4xx_hal_rcc.o(.text.HAL_RCC_ClockConfig)
    HAL_RCC_GetPCLK1Freq                     0x08001cf9   Thumb Code    20  stm32l4xx_hal_rcc.o(.text.HAL_RCC_GetPCLK1Freq)
    HAL_RCC_GetPCLK2Freq                     0x08001d0d   Thumb Code    20  stm32l4xx_hal_rcc.o(.text.HAL_RCC_GetPCLK2Freq)
    HAL_RCC_GetSysClockFreq                  0x08001d2d   Thumb Code   144  stm32l4xx_hal_rcc.o(.text.HAL_RCC_GetSysClockFreq)
    HAL_RCC_OscConfig                        0x08001dcd   Thumb Code  1292  stm32l4xx_hal_rcc.o(.text.HAL_RCC_OscConfig)
    HAL_SYSTICK_Config                       0x080022f5   Thumb Code    32  stm32l4xx_hal_cortex.o(.text.HAL_SYSTICK_Config)
    HAL_UART_Init                            0x0800231d   Thumb Code    56  stm32l4xx_hal_uart.o(.text.HAL_UART_Init)
    HAL_UART_MspInit                         0x08002355   Thumb Code   188  usart.o(.text.HAL_UART_MspInit)
    HAL_UART_Receive                         0x08002419   Thumb Code   214  stm32l4xx_hal_uart.o(.text.HAL_UART_Receive)
    HAL_UART_Transmit                        0x080024ef   Thumb Code   178  stm32l4xx_hal_uart.o(.text.HAL_UART_Transmit)
    HardFault_Handler                        0x080025a1   Thumb Code     2  stm32l4xx_it.o(.text.HardFault_Handler)
    LL_TIM_Init                              0x080025a5   Thumb Code   168  stm32l4xx_ll_tim.o(.text.LL_TIM_Init)
    MX_CRC_Init                              0x08002671   Thumb Code    36  crc.o(.text.MX_CRC_Init)
    MX_GPIO_Init                             0x0800269d   Thumb Code   224  gpio.o(.text.MX_GPIO_Init)
    MX_LPUART1_UART_Init                     0x08002791   Thumb Code    52  usart.o(.text.MX_LPUART1_UART_Init)
    MX_TIM2_Init                             0x080027cd   Thumb Code   120  tim.o(.text.MX_TIM2_Init)
    MX_USB_OTG_FS_PCD_Init                   0x08002859   Thumb Code    52  usb_otg.o(.text.MX_USB_OTG_FS_PCD_Init)
    MX_X_CUBE_AI_Init                        0x08002891   Thumb Code     4  app_x-cube-ai.o(.text.MX_X_CUBE_AI_Init)
    MemManage_Handler                        0x08002895   Thumb Code     2  stm32l4xx_it.o(.text.MemManage_Handler)
    NMI_Handler                              0x08002897   Thumb Code     2  stm32l4xx_it.o(.text.NMI_Handler)
    PendSV_Handler                           0x080029f9   Thumb Code     2  stm32l4xx_it.o(.text.PendSV_Handler)
    SVC_Handler                              0x08002c25   Thumb Code     2  stm32l4xx_it.o(.text.SVC_Handler)
    SysTick_Handler                          0x08002c27   Thumb Code     4  stm32l4xx_it.o(.text.SysTick_Handler)
    SystemClock_Config                       0x08002c2d   Thumb Code   148  main.o(.text.SystemClock_Config)
    SystemInit                               0x08002cc5   Thumb Code    12  system_stm32l4xx.o(.text.SystemInit)
    TIM2_IRQHandler                          0x08002cd5   Thumb Code     2  stm32l4xx_it.o(.text.TIM2_IRQHandler)
    UART_AdvFeatureConfig                    0x08002cd7   Thumb Code   168  stm32l4xx_hal_uart.o(.text.UART_AdvFeatureConfig)
    UART_CheckIdleState                      0x08002d7f   Thumb Code    80  stm32l4xx_hal_uart.o(.text.UART_CheckIdleState)
    UART_SetConfig                           0x08002dd1   Thumb Code   424  stm32l4xx_hal_uart.o(.text.UART_SetConfig)
    UART_WaitOnFlagUntilTimeout              0x08002fb5   Thumb Code   172  stm32l4xx_hal_uart.o(.text.UART_WaitOnFlagUntilTimeout)
    USB_CoreInit                             0x08003061   Thumb Code    96  stm32l4xx_ll_usb.o(.text.USB_CoreInit)
    USB_DevDisconnect                        0x080030c1   Thumb Code    24  stm32l4xx_ll_usb.o(.text.USB_DevDisconnect)
    USB_DevInit                              0x080030d9   Thumb Code   340  stm32l4xx_ll_usb.o(.text.USB_DevInit)
    USB_DisableGlobalInt                     0x0800323b   Thumb Code    12  stm32l4xx_ll_usb.o(.text.USB_DisableGlobalInt)
    USB_FlushRxFifo                          0x08003249   Thumb Code    64  stm32l4xx_ll_usb.o(.text.USB_FlushRxFifo)
    USB_FlushTxFifo                          0x08003289   Thumb Code    68  stm32l4xx_ll_usb.o(.text.USB_FlushTxFifo)
    USB_SetCurrentMode                       0x080032d1   Thumb Code    94  stm32l4xx_ll_usb.o(.text.USB_SetCurrentMode)
    UsageFault_Handler                       0x0800332f   Thumb Code     2  stm32l4xx_it.o(.text.UsageFault_Handler)
    aiInit                                   0x08003331   Thumb Code    56  app_x-cube-ai.o(.text.aiInit)
    aiRun                                    0x0800336d   Thumb Code    40  app_x-cube-ai.o(.text.aiRun)
    ai_network_create                        0x08003399   Thumb Code    20  network.o(.text.ai_network_create)
    ai_network_create_and_init               0x080033ad   Thumb Code   128  network.o(.text.ai_network_create_and_init)
    ai_network_data_params_get               0x0800342d   Thumb Code    40  network_data.o(.text.ai_network_data_params_get)
    ai_network_get_error                     0x0800345d   Thumb Code     4  network.o(.text.ai_network_get_error)
    ai_network_init                          0x08003461   Thumb Code   400  network.o(.text.ai_network_init)
    ai_network_inputs_get                    0x08003605   Thumb Code    16  network.o(.text.ai_network_inputs_get)
    ai_network_outputs_get                   0x08003615   Thumb Code    16  network.o(.text.ai_network_outputs_get)
    ai_network_run                           0x0800362d   Thumb Code     4  network.o(.text.ai_network_run)
    fgetc                                    0x08003631   Thumb Code    24  usart.o(.text.fgetc)
    fputc                                    0x08003649   Thumb Code    24  usart.o(.text.fputc)
    getCurrentMicros                         0x08003665   Thumb Code    56  main.o(.text.getCurrentMicros)
    main                                     0x080036a1   Thumb Code   248  main.o(.text.main)
    __0printf                                0x08003839   Thumb Code    22  printfa.o(i.__0printf)
    __1printf                                0x08003839   Thumb Code     0  printfa.o(i.__0printf)
    __2printf                                0x08003839   Thumb Code     0  printfa.o(i.__0printf)
    __c89printf                              0x08003839   Thumb Code     0  printfa.o(i.__0printf)
    printf                                   0x08003839   Thumb Code     0  printfa.o(i.__0printf)
    free                                     0x08003951   Thumb Code    88  mallocr.o(i.__free$realloc)
    malloc                                   0x080039ad   Thumb Code    64  mallocr.o(i.__malloc$realloc)
    __scatterload_copy                       0x080039fd   Thumb Code    14  handlers.o(i.__scatterload_copy)
    __scatterload_null                       0x08003a0b   Thumb Code     2  handlers.o(i.__scatterload_null)
    __scatterload_zeroinit                   0x08003a0d   Thumb Code    14  handlers.o(i.__scatterload_zeroinit)
    _ai_platform_acquire_crc                 0x08003c43   Thumb Code     4  ai_platform_interface.o(i._ai_platform_acquire_crc)
    _ai_platform_release_crc                 0x08003d1f   Thumb Code     2  ai_platform_interface.o(i._ai_platform_release_crc)
    _is_digit                                0x08003eab   Thumb Code    14  scanf_fp.o(i._is_digit)
    ai_array_get_byte_size                   0x08004a1d   Thumb Code    54  ai_datatypes_format.o(i.ai_array_get_byte_size)
    ai_array_get_data_byte_size              0x08004a53   Thumb Code    30  ai_datatypes_format.o(i.ai_array_get_data_byte_size)
    ai_array_to_buffer_fmt                   0x08004a71   Thumb Code   242  ai_datatypes_format.o(i.ai_array_to_buffer_fmt)
    ai_buffer_array_item_set_address         0x08004b99   Thumb Code    36  ai_platform.o(i.ai_buffer_array_item_set_address)
    ai_buffer_array_sane                     0x08004bbd   Thumb Code    18  ai_platform.o(i.ai_buffer_array_sane)
    ai_buffer_get_size                       0x08004bd1   Thumb Code    96  ai_platform.o(i.ai_buffer_get_size)
    ai_check_custom_types                    0x08004c39   Thumb Code    38  layers.o(i.ai_check_custom_types)
    ai_dict_decompress_f32                   0x080052f9   Thumb Code   122  layers_conv2d_generic_float.o(i.ai_dict_decompress_f32)
    ai_layers_forward_all                    0x08005373   Thumb Code    78  layers.o(i.ai_layers_forward_all)
    ai_layers_init_all                       0x080053c1   Thumb Code    30  layers.o(i.ai_layers_init_all)
    ai_layers_post_init_all                  0x080053df   Thumb Code    54  layers.o(i.ai_layers_post_init_all)
    ai_platform_bind_network_params          0x08005415   Thumb Code    38  ai_platform_interface.o(i.ai_platform_bind_network_params)
    ai_platform_context_acquire              0x08005441   Thumb Code    24  ai_platform_interface.o(i.ai_platform_context_acquire)
    ai_platform_get_activations_map          0x0800545d   Thumb Code    38  ai_platform_interface.o(i.ai_platform_get_activations_map)
    ai_platform_get_weights_map              0x08005489   Thumb Code    36  ai_platform_interface.o(i.ai_platform_get_weights_map)
    ai_platform_inputs_get                   0x080054b1   Thumb Code    60  ai_platform_interface.o(i.ai_platform_inputs_get)
    ai_platform_interface_api_get_version    0x080054ed   Thumb Code    14  ai_platform_interface.o(i.ai_platform_interface_api_get_version)
    ai_platform_network_create               0x08005501   Thumb Code   240  ai_platform_interface.o(i.ai_platform_network_create)
    ai_platform_network_get_error            0x08005611   Thumb Code    24  ai_platform_interface.o(i.ai_platform_network_get_error)
    ai_platform_network_init                 0x0800562d   Thumb Code   254  ai_platform_interface.o(i.ai_platform_network_init)
    ai_platform_network_post_init            0x0800573f   Thumb Code    70  ai_platform_interface.o(i.ai_platform_network_post_init)
    ai_platform_network_process              0x08005785   Thumb Code    84  ai_platform_interface.o(i.ai_platform_network_process)
    ai_platform_network_set_error            0x080057d9   Thumb Code    12  ai_platform_interface.o(i.ai_platform_network_set_error)
    ai_platform_outputs_get                  0x080057e5   Thumb Code    68  ai_platform_interface.o(i.ai_platform_outputs_get)
    ai_version_get                           0x08005843   Thumb Code    12  ai_datatypes_internal.o(i.ai_version_get)
    core_get_error                           0x0800584f   Thumb Code    12  core_common.o(i.core_get_error)
    core_init                                0x0800585b   Thumb Code     4  core_common.o(i.core_init)
    core_set_error                           0x08005891   Thumb Code    26  core_common.o(i.core_set_error)
    forward_conv2d                           0x080058ad   Thumb Code   656  layers_conv2d_generic_float.o(i.forward_conv2d)
    forward_dense                            0x08005b49   Thumb Code   514  layers_conv2d_generic_float.o(i.forward_dense)
    forward_relu                             0x08005d57   Thumb Code   154  layers_nl_generic_float.o(i.forward_relu)
    get_tensor_byte_size                     0x08005df5   Thumb Code    34  ai_datatypes_internal.o(i.get_tensor_byte_size)
    nl_func_relu_array_f32                   0x08005e6d   Thumb Code    62  layers_nl_generic_float.o(i.nl_func_relu_array_f32)
    nl_func_relu_generic_array_f32           0x08005eb1   Thumb Code   190  layers_nl_generic_float.o(i.nl_func_relu_generic_array_f32)
    nl_func_relu_thresholded_array_f32       0x08005f75   Thumb Code    66  layers_nl_generic_float.o(i.nl_func_relu_thresholded_array_f32)
    __ctype_categories                       0x08006028   Data          64  ctype_c.o(.constdata)
    AHBPrescTable                            0x08006078   Data          16  system_stm32l4xx.o(.rodata.AHBPrescTable)
    APBPrescTable                            0x08006088   Data           8  system_stm32l4xx.o(.rodata.APBPrescTable)
    MSIRangeTable                            0x08006090   Data          48  system_stm32l4xx.o(.rodata.MSIRangeTable)
    s_network_weights_array_u64              0x08006120   Data        1848  network_data_params.o(.rodata.s_network_weights_array_u64)
    Region$$Table$$Base                      0x08006858   Number         0  anon$$obj.o(Region$$Table)
    Region$$Table$$Limit                     0x08006878   Number         0  anon$$obj.o(Region$$Table)
    __stdin                                  0x20000000   Data           4  stdin.o(.data)
    __stdout                                 0x20000004   Data           4  stdout.o(.data)
    __microlib_freelist                      0x20000008   Data           4  mvars.o(.data)
    __microlib_freelist_initialised          0x2000000c   Data           4  mvars.o(.data)
    uwTickFreq                               0x20000084   Data           1  stm32l4xx_hal.o(.data..L_MergedGlobals)
    uwTickPrio                               0x20000088   Data           4  stm32l4xx_hal.o(.data..L_MergedGlobals)
    SystemCoreClock                          0x20000748   Data           4  system_stm32l4xx.o(.data.SystemCoreClock)
    g_network_data_map_activations           0x20000798   Data          28  network_data.o(.data.g_network_data_map_activations)
    g_network_data_map_weights               0x200007b4   Data          28  network_data.o(.data.g_network_data_map_weights)
    hcrc                                     0x20002a84   Data          36  crc.o(.bss.hcrc)
    hlpuart1                                 0x20002aa8   Data         132  usart.o(.bss.hlpuart1)
    hpcd_USB_OTG_FS                          0x20002b2c   Data        1292  usb_otg.o(.bss.hpcd_USB_OTG_FS)
    input                                    0x20003038   Data        5000  main.o(.bss.input)
    result                                   0x200043c0   Data           8  main.o(.bss.result)
    uwTick                                   0x200043c8   Data           4  stm32l4xx_hal.o(.bss.uwTick)
    __heap_base                              0x200043d0   Data           0  startup_stm32l4a6xx.o(HEAP)
    __heap_limit                             0x20004bd0   Data           0  startup_stm32l4a6xx.o(HEAP)
    __initial_sp                             0x200053d0   Data           0  startup_stm32l4a6xx.o(STACK)



==============================================================================

Memory Map of the image

  Image Entry point : 0x080001ad

  Load Region LR_IROM1 (Base: 0x08000000, Size: 0x000074a0, Max: 0x00100000, ABSOLUTE, COMPRESSED[0x00006cc0])

    Execution Region ER_IROM1 (Exec base: 0x08000000, Load base: 0x08000000, Size: 0x00006878, Max: 0x00100000, ABSOLUTE)

    Exec Addr    Load Addr    Size         Type   Attr      Idx    E Section Name        Object

    0x08000000   0x08000000   0x000001ac   Data   RO            3    RESET               startup_stm32l4a6xx.o
    0x080001ac   0x080001ac   0x00000000   Code   RO         2921  * .ARM.Collect$$$$00000000  mc_w.l(entry.o)
    0x080001ac   0x080001ac   0x00000004   Code   RO         3273    .ARM.Collect$$$$00000001  mc_w.l(entry2.o)
    0x080001b0   0x080001b0   0x00000004   Code   RO         3276    .ARM.Collect$$$$00000004  mc_w.l(entry5.o)
    0x080001b4   0x080001b4   0x00000000   Code   RO         3278    .ARM.Collect$$$$00000008  mc_w.l(entry7b.o)
    0x080001b4   0x080001b4   0x00000000   Code   RO         3280    .ARM.Collect$$$$0000000A  mc_w.l(entry8b.o)
    0x080001b4   0x080001b4   0x00000008   Code   RO         3281    .ARM.Collect$$$$0000000B  mc_w.l(entry9a.o)
    0x080001bc   0x080001bc   0x00000000   Code   RO         3283    .ARM.Collect$$$$0000000D  mc_w.l(entry10a.o)
    0x080001bc   0x080001bc   0x00000000   Code   RO         3285    .ARM.Collect$$$$0000000F  mc_w.l(entry11a.o)
    0x080001bc   0x080001bc   0x00000004   Code   RO         3274    .ARM.Collect$$$$00002712  mc_w.l(entry2.o)
    0x080001c0   0x080001c0   0x00000024   Code   RO            4    .text               startup_stm32l4a6xx.o
    0x080001e4   0x080001e4   0x00000068   Code   RO         2924    .text               mc_w.l(uldiv.o)
    0x0800024c   0x0800024c   0x00000024   Code   RO         2929    .text               mc_w.l(memcpya.o)
    0x08000270   0x08000270   0x00000024   Code   RO         2931    .text               mc_w.l(memseta.o)
    0x08000294   0x08000294   0x0000001a   Code   RO         2933    .text               mc_w.l(memcmp.o)
    0x080002ae   0x080002ae   0x00000002   PAD
    0x080002b0   0x080002b0   0x00000020   Code   RO         3226    .text               mc_w.l(__0scanf.o)
    0x080002d0   0x080002d0   0x00000152   Code   RO         3228    .text               mc_w.l(_scanf_int.o)
    0x08000422   0x08000422   0x00000002   PAD
    0x08000424   0x08000424   0x00000366   Code   RO         3230    .text               mc_w.l(scanf_fp.o)
    0x0800078a   0x0800078a   0x0000015e   Code   RO         3234    .text               mf_w.l(dadd.o)
    0x080008e8   0x080008e8   0x000000de   Code   RO         3236    .text               mf_w.l(ddiv.o)
    0x080009c6   0x080009c6   0x0000001a   Code   RO         3238    .text               mf_w.l(dfltui.o)
    0x080009e0   0x080009e0   0x0000002c   Code   RO         3298    .text               mc_w.l(uidiv.o)
    0x08000a0c   0x08000a0c   0x0000001e   Code   RO         3300    .text               mc_w.l(llshl.o)
    0x08000a2a   0x08000a2a   0x00000020   Code   RO         3302    .text               mc_w.l(llushr.o)
    0x08000a4a   0x08000a4a   0x00000024   Code   RO         3304    .text               mc_w.l(llsshr.o)
    0x08000a6e   0x08000a6e   0x0000001c   Code   RO         3315    .text               mc_w.l(_chval.o)
    0x08000a8a   0x08000a8a   0x00000002   PAD
    0x08000a8c   0x08000a8c   0x00000014   Code   RO         3317    .text               mc_w.l(scanf_char_file.o)
    0x08000aa0   0x08000aa0   0x00000000   Code   RO         3319    .text               mc_w.l(iusefp.o)
    0x08000aa0   0x08000aa0   0x000000ba   Code   RO         3324    .text               mf_w.l(depilogue.o)
    0x08000b5a   0x08000b5a   0x000000ea   Code   RO         3326    .text               mf_w.l(dmul.o)
    0x08000c44   0x08000c44   0x00000018   Code   RO         3328    .text               mf_w.l(dfltul.o)
    0x08000c5c   0x08000c5c   0x00000030   Code   RO         3330    .text               mf_w.l(dfixul.o)
    0x08000c8c   0x08000c8c   0x00000030   Code   RO         3332    .text               mf_w.l(cdrcmple.o)
    0x08000cbc   0x08000cbc   0x00000038   Code   RO         3334    .text               mf_w.l(d2f.o)
    0x08000cf4   0x08000cf4   0x00000024   Code   RO         3338    .text               mc_w.l(init.o)
    0x08000d18   0x08000d18   0x0000002c   Code   RO         3340    .text               mc_w.l(fgetc_b.o)
    0x08000d44   0x08000d44   0x00000028   Code   RO         3343    .text               mc_w.l(scanf_char.o)
    0x08000d6c   0x08000d6c   0x0000006e   Code   RO         3345    .text               mf_w.l(fepilogue.o)
    0x08000dda   0x08000dda   0x00000000   Code   RO         3347    .text               mc_w.l(semi.o)
    0x08000dda   0x08000dda   0x0000000a   Code   RO         3348    .text               mc_w.l(isspace_c.o)
    0x08000de4   0x08000de4   0x00000332   Code   RO         3350    .text               mc_w.l(_scanf.o)
    0x08001116   0x08001116   0x00000000   Code   RO         3352    .text               mc_w.l(iusesemig.o)
    0x08001116   0x08001116   0x00000002   PAD
    0x08001118   0x08001118   0x00000028   Code   RO         3353    .text               mc_w.l(ctype_c.o)
    0x08001140   0x08001140   0x00000056   Code   RO         3364    .text               mc_w.l(__dczerorl2.o)
    0x08001196   0x08001196   0x00000002   Code   RO          346    .text.BusFault_Handler  stm32l4xx_it.o
    0x08001198   0x08001198   0x00000002   Code   RO          352    .text.DebugMon_Handler  stm32l4xx_it.o
    0x0800119a   0x0800119a   0x00000008   Code   RO          234    .text.Error_Handler  main.o
    0x080011a2   0x080011a2   0x00000002   PAD
    0x080011a4   0x080011a4   0x0000004e   Code   RO          445    .text.HAL_CRCEx_Polynomial_Set  stm32l4xx_hal_crc_ex.o
    0x080011f2   0x080011f2   0x00000002   PAD
    0x080011f4   0x080011f4   0x00000070   Code   RO          419    .text.HAL_CRC_Init  stm32l4xx_hal_crc.o
    0x08001264   0x08001264   0x0000002c   Code   RO          258    .text.HAL_CRC_MspInit  crc.o
    0x08001290   0x08001290   0x00000020   Code   RO          481    .text.HAL_Delay     stm32l4xx_hal.o
    0x080012b0   0x080012b0   0x0000019e   Code   RO         1132    .text.HAL_GPIO_Init  stm32l4xx_hal_gpio.o
    0x0800144e   0x0800144e   0x0000000c   Code   RO         1138    .text.HAL_GPIO_WritePin  stm32l4xx_hal_gpio.o
    0x0800145a   0x0800145a   0x00000002   PAD
    0x0800145c   0x0800145c   0x00000008   Code   RO          473    .text.HAL_GetTick   stm32l4xx_hal.o
    0x08001464   0x08001464   0x00000014   Code   RO          471    .text.HAL_IncTick   stm32l4xx_hal.o
    0x08001478   0x08001478   0x0000001c   Code   RO          461    .text.HAL_Init      stm32l4xx_hal.o
    0x08001494   0x08001494   0x00000044   Code   RO          463    .text.HAL_InitTick  stm32l4xx_hal.o
    0x080014d8   0x080014d8   0x00000030   Code   RO          367    .text.HAL_MspInit   stm32l4xx_hal_msp.o
    0x08001508   0x08001508   0x0000001c   Code   RO         1331    .text.HAL_NVIC_EnableIRQ  stm32l4xx_hal_cortex.o
    0x08001524   0x08001524   0x0000004c   Code   RO         1329    .text.HAL_NVIC_SetPriority  stm32l4xx_hal_cortex.o
    0x08001570   0x08001570   0x00000020   Code   RO         1327    .text.HAL_NVIC_SetPriorityGrouping  stm32l4xx_hal_cortex.o
    0x08001590   0x08001590   0x00000028   Code   RO         1790    .text.HAL_PCDEx_ActivateLPM  stm32l4xx_hal_pcd_ex.o
    0x080015b8   0x080015b8   0x0000014a   Code   RO         1696    .text.HAL_PCD_Init  stm32l4xx_hal_pcd.o
    0x08001702   0x08001702   0x00000002   PAD
    0x08001704   0x08001704   0x000000d4   Code   RO          327    .text.HAL_PCD_MspInit  usb_otg.o
    0x080017d8   0x080017d8   0x0000006c   Code   RO         1235    .text.HAL_PWREx_ControlVoltageScaling  stm32l4xx_hal_pwr_ex.o
    0x08001844   0x08001844   0x0000000c   Code   RO         1245    .text.HAL_PWREx_EnableVddIO2  stm32l4xx_hal_pwr_ex.o
    0x08001850   0x08001850   0x0000000c   Code   RO         1241    .text.HAL_PWREx_EnableVddUSB  stm32l4xx_hal_pwr_ex.o
    0x0800185c   0x0800185c   0x0000000c   Code   RO         1233    .text.HAL_PWREx_GetVoltageRange  stm32l4xx_hal_pwr_ex.o
    0x08001868   0x08001868   0x0000000c   Code   RO         1195    .text.HAL_PWR_EnableBkUpAccess  stm32l4xx_hal_pwr.o
    0x08001874   0x08001874   0x00000010   Code   RO         1004    .text.HAL_RCCEx_EnableMSIPLLMode  stm32l4xx_hal_rcc_ex.o
    0x08001884   0x08001884   0x00000322   Code   RO          966    .text.HAL_RCCEx_PeriphCLKConfig  stm32l4xx_hal_rcc_ex.o
    0x08001ba6   0x08001ba6   0x00000002   PAD
    0x08001ba8   0x08001ba8   0x00000150   Code   RO          924    .text.HAL_RCC_ClockConfig  stm32l4xx_hal_rcc.o
    0x08001cf8   0x08001cf8   0x00000014   Code   RO          930    .text.HAL_RCC_GetPCLK1Freq  stm32l4xx_hal_rcc.o
    0x08001d0c   0x08001d0c   0x00000020   Code   RO          932    .text.HAL_RCC_GetPCLK2Freq  stm32l4xx_hal_rcc.o
    0x08001d2c   0x08001d2c   0x000000a0   Code   RO          922    .text.HAL_RCC_GetSysClockFreq  stm32l4xx_hal_rcc.o
    0x08001dcc   0x08001dcc   0x00000528   Code   RO          918    .text.HAL_RCC_OscConfig  stm32l4xx_hal_rcc.o
    0x080022f4   0x080022f4   0x00000028   Code   RO         1339    .text.HAL_SYSTICK_Config  stm32l4xx_hal_cortex.o
    0x0800231c   0x0800231c   0x00000038   Code   RO         1401    .text.HAL_UART_Init  stm32l4xx_hal_uart.o
    0x08002354   0x08002354   0x000000c4   Code   RO          273    .text.HAL_UART_MspInit  usart.o
    0x08002418   0x08002418   0x000000d6   Code   RO         1425    .text.HAL_UART_Receive  stm32l4xx_hal_uart.o
    0x080024ee   0x080024ee   0x000000b2   Code   RO         1421    .text.HAL_UART_Transmit  stm32l4xx_hal_uart.o
    0x080025a0   0x080025a0   0x00000002   Code   RO          342    .text.HardFault_Handler  stm32l4xx_it.o
    0x080025a2   0x080025a2   0x00000002   PAD
    0x080025a4   0x080025a4   0x000000cc   Code   RO         1630    .text.LL_TIM_Init   stm32l4xx_ll_tim.o
    0x08002670   0x08002670   0x0000002c   Code   RO          256    .text.MX_CRC_Init   crc.o
    0x0800269c   0x0800269c   0x000000f2   Code   RO          247    .text.MX_GPIO_Init  gpio.o
    0x0800278e   0x0800278e   0x00000002   PAD
    0x08002790   0x08002790   0x0000003c   Code   RO          271    .text.MX_LPUART1_UART_Init  usart.o
    0x080027cc   0x080027cc   0x0000008c   Code   RO          317    .text.MX_TIM2_Init  tim.o
    0x08002858   0x08002858   0x00000038   Code   RO          325    .text.MX_USB_OTG_FS_PCD_Init  usb_otg.o
    0x08002890   0x08002890   0x00000004   Code   RO          298    .text.MX_X_CUBE_AI_Init  app_x-cube-ai.o
    0x08002894   0x08002894   0x00000002   Code   RO          344    .text.MemManage_Handler  stm32l4xx_it.o
    0x08002896   0x08002896   0x00000002   Code   RO          340    .text.NMI_Handler   stm32l4xx_it.o
    0x08002898   0x08002898   0x00000024   Code   RO          946    .text.OUTLINED_FUNCTION_0  stm32l4xx_hal_rcc.o
    0x080028bc   0x080028bc   0x00000010   Code   RO         1026    .text.OUTLINED_FUNCTION_0  stm32l4xx_hal_rcc_ex.o
    0x080028cc   0x080028cc   0x00000014   Code   RO         1531    .text.OUTLINED_FUNCTION_0  stm32l4xx_hal_uart.o
    0x080028e0   0x080028e0   0x00000014   Code   RO          948    .text.OUTLINED_FUNCTION_1  stm32l4xx_hal_rcc.o
    0x080028f4   0x080028f4   0x00000018   Code   RO         1028    .text.OUTLINED_FUNCTION_1  stm32l4xx_hal_rcc_ex.o
    0x0800290c   0x0800290c   0x0000000a   Code   RO         1313    .text.OUTLINED_FUNCTION_1  stm32l4xx_hal_pwr_ex.o
    0x08002916   0x08002916   0x00000008   Code   RO         1912    .text.OUTLINED_FUNCTION_1  stm32l4xx_ll_usb.o
    0x0800291e   0x0800291e   0x0000000a   Code   RO         1046    .text.OUTLINED_FUNCTION_10  stm32l4xx_hal_rcc_ex.o
    0x08002928   0x08002928   0x0000000c   Code   RO         1551    .text.OUTLINED_FUNCTION_10  stm32l4xx_hal_uart.o
    0x08002934   0x08002934   0x0000000e   Code   RO         1048    .text.OUTLINED_FUNCTION_11  stm32l4xx_hal_rcc_ex.o
    0x08002942   0x08002942   0x00000006   Code   RO         1050    .text.OUTLINED_FUNCTION_12  stm32l4xx_hal_rcc_ex.o
    0x08002948   0x08002948   0x0000000c   Code   RO         1561    .text.OUTLINED_FUNCTION_15  stm32l4xx_hal_uart.o
    0x08002954   0x08002954   0x00000008   Code   RO          950    .text.OUTLINED_FUNCTION_2  stm32l4xx_hal_rcc.o
    0x0800295c   0x0800295c   0x00000014   Code   RO         1535    .text.OUTLINED_FUNCTION_2  stm32l4xx_hal_uart.o
    0x08002970   0x08002970   0x0000000a   Code   RO         1571    .text.OUTLINED_FUNCTION_20  stm32l4xx_hal_uart.o
    0x0800297a   0x0800297a   0x0000000e   Code   RO         1579    .text.OUTLINED_FUNCTION_24  stm32l4xx_hal_uart.o
    0x08002988   0x08002988   0x00000006   Code   RO         1581    .text.OUTLINED_FUNCTION_25  stm32l4xx_hal_uart.o
    0x0800298e   0x0800298e   0x00000006   Code   RO          952    .text.OUTLINED_FUNCTION_3  stm32l4xx_hal_rcc.o
    0x08002994   0x08002994   0x00000016   Code   RO         1032    .text.OUTLINED_FUNCTION_3  stm32l4xx_hal_rcc_ex.o
    0x080029aa   0x080029aa   0x0000000a   Code   RO          954    .text.OUTLINED_FUNCTION_4  stm32l4xx_hal_rcc.o
    0x080029b4   0x080029b4   0x00000008   Code   RO         1034    .text.OUTLINED_FUNCTION_4  stm32l4xx_hal_rcc_ex.o
    0x080029bc   0x080029bc   0x0000000e   Code   RO          956    .text.OUTLINED_FUNCTION_5  stm32l4xx_hal_rcc.o
    0x080029ca   0x080029ca   0x00000010   Code   RO         1038    .text.OUTLINED_FUNCTION_6  stm32l4xx_hal_rcc_ex.o
    0x080029da   0x080029da   0x00000008   Code   RO         1543    .text.OUTLINED_FUNCTION_6  stm32l4xx_hal_uart.o
    0x080029e2   0x080029e2   0x0000000a   Code   RO         1042    .text.OUTLINED_FUNCTION_8  stm32l4xx_hal_rcc_ex.o
    0x080029ec   0x080029ec   0x0000000c   Code   RO         1547    .text.OUTLINED_FUNCTION_8  stm32l4xx_hal_uart.o
    0x080029f8   0x080029f8   0x00000002   Code   RO          354    .text.PendSV_Handler  stm32l4xx_it.o
    0x080029fa   0x080029fa   0x00000002   PAD
    0x080029fc   0x080029fc   0x000000e0   Code   RO          968    .text.RCCEx_PLLSAI1_Config  stm32l4xx_hal_rcc_ex.o
    0x08002adc   0x08002adc   0x000000c4   Code   RO          970    .text.RCCEx_PLLSAI2_Config  stm32l4xx_hal_rcc_ex.o
    0x08002ba0   0x08002ba0   0x00000084   Code   RO          920    .text.RCC_SetFlashLatencyFromMSIRange  stm32l4xx_hal_rcc.o
    0x08002c24   0x08002c24   0x00000002   Code   RO          350    .text.SVC_Handler   stm32l4xx_it.o
    0x08002c26   0x08002c26   0x00000004   Code   RO          356    .text.SysTick_Handler  stm32l4xx_it.o
    0x08002c2a   0x08002c2a   0x00000002   PAD
    0x08002c2c   0x08002c2c   0x00000098   Code   RO          232    .text.SystemClock_Config  main.o
    0x08002cc4   0x08002cc4   0x00000010   Code   RO         1928    .text.SystemInit    system_stm32l4xx.o
    0x08002cd4   0x08002cd4   0x00000002   Code   RO          358    .text.TIM2_IRQHandler  stm32l4xx_it.o
    0x08002cd6   0x08002cd6   0x000000a8   Code   RO         1407    .text.UART_AdvFeatureConfig  stm32l4xx_hal_uart.o
    0x08002d7e   0x08002d7e   0x00000050   Code   RO         1409    .text.UART_CheckIdleState  stm32l4xx_hal_uart.o
    0x08002dce   0x08002dce   0x00000002   PAD
    0x08002dd0   0x08002dd0   0x000001e4   Code   RO         1405    .text.UART_SetConfig  stm32l4xx_hal_uart.o
    0x08002fb4   0x08002fb4   0x000000ac   Code   RO         1423    .text.UART_WaitOnFlagUntilTimeout  stm32l4xx_hal_uart.o
    0x08003060   0x08003060   0x00000060   Code   RO         1814    .text.USB_CoreInit  stm32l4xx_ll_usb.o
    0x080030c0   0x080030c0   0x00000018   Code   RO         1864    .text.USB_DevDisconnect  stm32l4xx_ll_usb.o
    0x080030d8   0x080030d8   0x00000162   Code   RO         1826    .text.USB_DevInit   stm32l4xx_ll_usb.o
    0x0800323a   0x0800323a   0x0000000c   Code   RO         1820    .text.USB_DisableGlobalInt  stm32l4xx_ll_usb.o
    0x08003246   0x08003246   0x00000002   PAD
    0x08003248   0x08003248   0x00000040   Code   RO         1832    .text.USB_FlushRxFifo  stm32l4xx_ll_usb.o
    0x08003288   0x08003288   0x00000048   Code   RO         1830    .text.USB_FlushTxFifo  stm32l4xx_ll_usb.o
    0x080032d0   0x080032d0   0x0000005e   Code   RO         1822    .text.USB_SetCurrentMode  stm32l4xx_ll_usb.o
    0x0800332e   0x0800332e   0x00000002   Code   RO          348    .text.UsageFault_Handler  stm32l4xx_it.o
    0x08003330   0x08003330   0x0000003c   Code   RO          294    .text.aiInit        app_x-cube-ai.o
    0x0800336c   0x0800336c   0x0000002c   Code   RO          296    .text.aiRun         app_x-cube-ai.o
    0x08003398   0x08003398   0x00000014   Code   RO           17    .text.ai_network_create  network.o
    0x080033ac   0x080033ac   0x00000080   Code   RO           19    .text.ai_network_create_and_init  network.o
    0x0800342c   0x0800342c   0x00000030   Code   RO          202    .text.ai_network_data_params_get  network_data.o
    0x0800345c   0x0800345c   0x00000004   Code   RO           15    .text.ai_network_get_error  network.o
    0x08003460   0x08003460   0x000001a4   Code   RO           21    .text.ai_network_init  network.o
    0x08003604   0x08003604   0x00000010   Code   RO           23    .text.ai_network_inputs_get  network.o
    0x08003614   0x08003614   0x00000018   Code   RO           25    .text.ai_network_outputs_get  network.o
    0x0800362c   0x0800362c   0x00000004   Code   RO           29    .text.ai_network_run  network.o
    0x08003630   0x08003630   0x00000018   Code   RO          279    .text.fgetc         usart.o
    0x08003648   0x08003648   0x0000001c   Code   RO          277    .text.fputc         usart.o
    0x08003664   0x08003664   0x0000003c   Code   RO          228    .text.getCurrentMicros  main.o
    0x080036a0   0x080036a0   0x0000012c   Code   RO          230    .text.main          main.o
    0x080037cc   0x080037cc   0x0000006c   Code   RO         1960    i.CRC_Lock          NetworkRuntime720_CM4_Keil.lib(ai_platform_interface.o)
    0x08003838   0x08003838   0x00000020   Code   RO         3170    i.__0printf         mc_w.l(printfa.o)
    0x08003858   0x08003858   0x000000f8   Code   RO         2041    i.__ai_math_dot_array  NetworkRuntime720_CM4_Keil.lib(layers_conv2d_generic_float.o)
    0x08003950   0x08003950   0x0000005c   Code   RO         3202    i.__free$realloc    mc_w.l(mallocr.o)
    0x080039ac   0x080039ac   0x00000050   Code   RO         3203    i.__malloc$realloc  mc_w.l(mallocr.o)
    0x080039fc   0x080039fc   0x0000000e   Code   RO         3358    i.__scatterload_copy  mc_w.l(handlers.o)
    0x08003a0a   0x08003a0a   0x00000002   Code   RO         3359    i.__scatterload_null  mc_w.l(handlers.o)
    0x08003a0c   0x08003a0c   0x0000000e   Code   RO         3360    i.__scatterload_zeroinit  mc_w.l(handlers.o)
    0x08003a1a   0x08003a1a   0x00000002   PAD
    0x08003a1c   0x08003a1c   0x0000012c   Code   RO         2042    i._ai_dict4_dot_array_f32  NetworkRuntime720_CM4_Keil.lib(layers_conv2d_generic_float.o)
    0x08003b48   0x08003b48   0x000000e8   Code   RO         2043    i._ai_dict8_dot_array_f32  NetworkRuntime720_CM4_Keil.lib(layers_conv2d_generic_float.o)
    0x08003c30   0x08003c30   0x00000012   Code   RO         2732    i._ai_forward_layer  NetworkRuntime720_CM4_Keil.lib(layers.o)
    0x08003c42   0x08003c42   0x00000004   Code   RO         1961    i._ai_platform_acquire_crc  NetworkRuntime720_CM4_Keil.lib(ai_platform_interface.o)
    0x08003c46   0x08003c46   0x00000002   PAD
    0x08003c48   0x08003c48   0x000000d6   Code   RO         1962    i._ai_platform_get_io_buffers_info  NetworkRuntime720_CM4_Keil.lib(ai_platform_interface.o)
    0x08003d1e   0x08003d1e   0x00000002   Code   RO         1963    i._ai_platform_release_crc  NetworkRuntime720_CM4_Keil.lib(ai_platform_interface.o)
    0x08003d20   0x08003d20   0x0000018a   Code   RO         3177    i._fp_digits        mc_w.l(printfa.o)
    0x08003eaa   0x08003eaa   0x0000000e   Code   RO         3232    i._is_digit         mc_w.l(scanf_fp.o)
    0x08003eb8   0x08003eb8   0x0000004c   Code   RO         1964    i._platform_ai_buffer_array_copy  NetworkRuntime720_CM4_Keil.lib(ai_platform_interface.o)
    0x08003f04   0x08003f04   0x00000050   Code   RO         1965    i._platform_get_table_map_from_buffer  NetworkRuntime720_CM4_Keil.lib(ai_platform_interface.o)
    0x08003f54   0x08003f54   0x00000044   Code   RO         1966    i._platform_get_table_map_from_buffer_array  NetworkRuntime720_CM4_Keil.lib(ai_platform_interface.o)
    0x08003f98   0x08003f98   0x00000014   Code   RO         1967    i._platform_network_buffers_signature_valid  NetworkRuntime720_CM4_Keil.lib(ai_platform_interface.o)
    0x08003fac   0x08003fac   0x00000216   Code   RO         1968    i._platform_network_io_bind  NetworkRuntime720_CM4_Keil.lib(ai_platform_interface.o)
    0x080041c2   0x080041c2   0x0000003e   Code   RO         1969    i._platform_network_state_setup  NetworkRuntime720_CM4_Keil.lib(ai_platform_interface.o)
    0x08004200   0x08004200   0x00000068   Code   RO         1970    i._platform_network_state_update_input  NetworkRuntime720_CM4_Keil.lib(ai_platform_interface.o)
    0x08004268   0x08004268   0x00000080   Code   RO         1971    i._platform_network_state_update_output  NetworkRuntime720_CM4_Keil.lib(ai_platform_interface.o)
    0x080042e8   0x080042e8   0x000006e2   Code   RO         3178    i._printf_core      mc_w.l(printfa.o)
    0x080049ca   0x080049ca   0x00000024   Code   RO         3179    i._printf_post_padding  mc_w.l(printfa.o)
    0x080049ee   0x080049ee   0x0000002e   Code   RO         3180    i._printf_pre_padding  mc_w.l(printfa.o)
    0x08004a1c   0x08004a1c   0x00000036   Code   RO         2262    i.ai_array_get_byte_size  NetworkRuntime720_CM4_Keil.lib(ai_datatypes_format.o)
    0x08004a52   0x08004a52   0x0000001e   Code   RO         2263    i.ai_array_get_data_byte_size  NetworkRuntime720_CM4_Keil.lib(ai_datatypes_format.o)
    0x08004a70   0x08004a70   0x00000128   Code   RO         2265    i.ai_array_to_buffer_fmt  NetworkRuntime720_CM4_Keil.lib(ai_datatypes_format.o)
    0x08004b98   0x08004b98   0x00000024   Code   RO         1946    i.ai_buffer_array_item_set_address  NetworkRuntime720_CM4_Keil.lib(ai_platform.o)
    0x08004bbc   0x08004bbc   0x00000012   Code   RO         1947    i.ai_buffer_array_sane  NetworkRuntime720_CM4_Keil.lib(ai_platform.o)
    0x08004bce   0x08004bce   0x00000002   PAD
    0x08004bd0   0x08004bd0   0x00000068   Code   RO         1949    i.ai_buffer_get_size  NetworkRuntime720_CM4_Keil.lib(ai_platform.o)
    0x08004c38   0x08004c38   0x0000002c   Code   RO         2733    i.ai_check_custom_types  NetworkRuntime720_CM4_Keil.lib(layers.o)
    0x08004c64   0x08004c64   0x00000126   Code   RO         2044    i.ai_conv2d_kernel_depthwise_f32  NetworkRuntime720_CM4_Keil.lib(layers_conv2d_generic_float.o)
    0x08004d8a   0x08004d8a   0x00000002   PAD
    0x08004d8c   0x08004d8c   0x0000016a   Code   RO         2045    i.ai_conv2d_kernel_group_f32  NetworkRuntime720_CM4_Keil.lib(layers_conv2d_generic_float.o)
    0x08004ef6   0x08004ef6   0x00000002   PAD
    0x08004ef8   0x08004ef8   0x0000018c   Code   RO         2046    i.ai_conv2d_kernel_simple_opt_f32  NetworkRuntime720_CM4_Keil.lib(layers_conv2d_generic_float.o)
    0x08005084   0x08005084   0x00000274   Code   RO         2047    i.ai_conv2d_stripe_f32  NetworkRuntime720_CM4_Keil.lib(layers_conv2d_generic_float.o)
    0x080052f8   0x080052f8   0x0000007a   Code   RO         2050    i.ai_dict_decompress_f32  NetworkRuntime720_CM4_Keil.lib(layers_conv2d_generic_float.o)
    0x08005372   0x08005372   0x0000004e   Code   RO         2737    i.ai_layers_forward_all  NetworkRuntime720_CM4_Keil.lib(layers.o)
    0x080053c0   0x080053c0   0x0000001e   Code   RO         2738    i.ai_layers_init_all  NetworkRuntime720_CM4_Keil.lib(layers.o)
    0x080053de   0x080053de   0x00000036   Code   RO         2739    i.ai_layers_post_init_all  NetworkRuntime720_CM4_Keil.lib(layers.o)
    0x08005414   0x08005414   0x0000002c   Code   RO         1975    i.ai_platform_bind_network_params  NetworkRuntime720_CM4_Keil.lib(ai_platform_interface.o)
    0x08005440   0x08005440   0x0000001c   Code   RO         1976    i.ai_platform_context_acquire  NetworkRuntime720_CM4_Keil.lib(ai_platform_interface.o)
    0x0800545c   0x0800545c   0x0000002c   Code   RO         1978    i.ai_platform_get_activations_map  NetworkRuntime720_CM4_Keil.lib(ai_platform_interface.o)
    0x08005488   0x08005488   0x00000028   Code   RO         1979    i.ai_platform_get_weights_map  NetworkRuntime720_CM4_Keil.lib(ai_platform_interface.o)
    0x080054b0   0x080054b0   0x0000003c   Code   RO         1980    i.ai_platform_inputs_get  NetworkRuntime720_CM4_Keil.lib(ai_platform_interface.o)
    0x080054ec   0x080054ec   0x00000014   Code   RO         1981    i.ai_platform_interface_api_get_version  NetworkRuntime720_CM4_Keil.lib(ai_platform_interface.o)
    0x08005500   0x08005500   0x0000010e   Code   RO         1982    i.ai_platform_network_create  NetworkRuntime720_CM4_Keil.lib(ai_platform_interface.o)
    0x0800560e   0x0800560e   0x00000002   PAD
    0x08005610   0x08005610   0x0000001c   Code   RO         1984    i.ai_platform_network_get_error  NetworkRuntime720_CM4_Keil.lib(ai_platform_interface.o)
    0x0800562c   0x0800562c   0x00000112   Code   RO         1985    i.ai_platform_network_init  NetworkRuntime720_CM4_Keil.lib(ai_platform_interface.o)
    0x0800573e   0x0800573e   0x00000046   Code   RO         1986    i.ai_platform_network_post_init  NetworkRuntime720_CM4_Keil.lib(ai_platform_interface.o)
    0x08005784   0x08005784   0x00000054   Code   RO         1987    i.ai_platform_network_process  NetworkRuntime720_CM4_Keil.lib(ai_platform_interface.o)
    0x080057d8   0x080057d8   0x0000000c   Code   RO         1988    i.ai_platform_network_set_error  NetworkRuntime720_CM4_Keil.lib(ai_platform_interface.o)
    0x080057e4   0x080057e4   0x00000044   Code   RO         1994    i.ai_platform_outputs_get  NetworkRuntime720_CM4_Keil.lib(ai_platform_interface.o)
    0x08005828   0x08005828   0x0000001a   Code   RO         2084    i.ai_shape_get_size  NetworkRuntime720_CM4_Keil.lib(layers_nl_generic_float.o)
    0x08005842   0x08005842   0x0000000c   Code   RO         2286    i.ai_version_get    NetworkRuntime720_CM4_Keil.lib(ai_datatypes_internal.o)
    0x0800584e   0x0800584e   0x0000000c   Code   RO         2748    i.core_get_error    NetworkRuntime720_CM4_Keil.lib(core_common.o)
    0x0800585a   0x0800585a   0x00000004   Code   RO         2749    i.core_init         NetworkRuntime720_CM4_Keil.lib(core_common.o)
    0x0800585e   0x0800585e   0x00000010   Code   RO         2052    i.core_nl_get_params_byte_size  NetworkRuntime720_CM4_Keil.lib(layers_conv2d_generic_float.o)
    0x0800586e   0x0800586e   0x00000012   Code   RO         2053    i.core_nl_get_params_ptr  NetworkRuntime720_CM4_Keil.lib(layers_conv2d_generic_float.o)
    0x08005880   0x08005880   0x00000010   Code   RO         2054    i.core_nl_get_params_stride  NetworkRuntime720_CM4_Keil.lib(layers_conv2d_generic_float.o)
    0x08005890   0x08005890   0x0000001a   Code   RO         2750    i.core_set_error    NetworkRuntime720_CM4_Keil.lib(core_common.o)
    0x080058aa   0x080058aa   0x00000002   PAD
    0x080058ac   0x080058ac   0x0000029a   Code   RO         2055    i.forward_conv2d    NetworkRuntime720_CM4_Keil.lib(layers_conv2d_generic_float.o)
    0x08005b46   0x08005b46   0x00000002   PAD
    0x08005b48   0x08005b48   0x0000020e   Code   RO         2057    i.forward_dense     NetworkRuntime720_CM4_Keil.lib(layers_conv2d_generic_float.o)
    0x08005d56   0x08005d56   0x0000009a   Code   RO         2109    i.forward_relu      NetworkRuntime720_CM4_Keil.lib(layers_nl_generic_float.o)
    0x08005df0   0x08005df0   0x00000002   Code   RO         2060    i.func_dummy        NetworkRuntime720_CM4_Keil.lib(layers_conv2d_generic_float.o)
    0x08005df2   0x08005df2   0x00000002   PAD
    0x08005df4   0x08005df4   0x00000028   Code   RO         2287    i.get_tensor_byte_size  NetworkRuntime720_CM4_Keil.lib(ai_datatypes_internal.o)
    0x08005e1c   0x08005e1c   0x00000050   Code   RO         3204    i.internal_alloc    mc_w.l(mallocr.o)
    0x08005e6c   0x08005e6c   0x00000044   Code   RO         2151    i.nl_func_relu_array_f32  NetworkRuntime720_CM4_Keil.lib(layers_nl_generic_float.o)
    0x08005eb0   0x08005eb0   0x000000c4   Code   RO         2152    i.nl_func_relu_generic_array_f32  NetworkRuntime720_CM4_Keil.lib(layers_nl_generic_float.o)
    0x08005f74   0x08005f74   0x00000048   Code   RO         2153    i.nl_func_relu_thresholded_array_f32  NetworkRuntime720_CM4_Keil.lib(layers_nl_generic_float.o)
    0x08005fbc   0x08005fbc   0x0000006c   Data   RO         1997    .constdata          NetworkRuntime720_CM4_Keil.lib(ai_platform_interface.o)
    0x08006028   0x08006028   0x00000040   Data   RO         3354    .constdata          mc_w.l(ctype_c.o)
    0x08006068   0x08006068   0x00000008   Data   RO          210    .rodata..L__const.ai_network_data_params_get.map_activations  network_data.o
    0x08006070   0x08006070   0x00000008   Data   RO          211    .rodata..L__const.ai_network_data_params_get.map_weights  network_data.o
    0x08006078   0x08006078   0x00000010   Data   RO         1933    .rodata.AHBPrescTable  system_stm32l4xx.o
    0x08006088   0x08006088   0x00000008   Data   RO         1934    .rodata.APBPrescTable  system_stm32l4xx.o
    0x08006090   0x08006090   0x00000030   Data   RO         1935    .rodata.MSIRangeTable  system_stm32l4xx.o
    0x080060c0   0x080060c0   0x00000010   Data   RO         1583    .rodata.cst16       stm32l4xx_hal_uart.o
    0x080060d0   0x080060d0   0x00000008   Data   RO           59    .rodata.input_12_chain  network.o
    0x080060d8   0x080060d8   0x00000008   Data   RO           62    .rodata.input_20_chain  network.o
    0x080060e0   0x080060e0   0x00000008   Data   RO           65    .rodata.input_28_chain  network.o
    0x080060e8   0x080060e8   0x00000008   Data   RO           69    .rodata.input_36_chain  network.o
    0x080060f0   0x080060f0   0x00000008   Data   RO           73    .rodata.input_44_chain  network.o
    0x080060f8   0x080060f8   0x00000008   Data   RO           56    .rodata.input_4_chain  network.o
    0x08006100   0x08006100   0x00000008   Data   RO           76    .rodata.node_64_chain  network.o
    0x08006108   0x08006108   0x00000008   Data   RO           75    .rodata.onnxGemm_63_chain  network.o
    0x08006110   0x08006110   0x00000010   PAD
    0x08006120   0x08006120   0x00000738   Data   RO          221    .rodata.s_network_weights_array_u64  network_data_params.o
    0x08006858   0x08006858   0x00000020   Data   RO         3357    Region$$Table       anon$$obj.o


    Execution Region RW_IRAM1 (Exec base: 0x20000000, Load base: 0x08006880, Size: 0x000053d0, Max: 0x00050000, ABSOLUTE, COMPRESSED[0x00000440])

    Exec Addr    Load Addr    Size         Type   Attr      Idx    E Section Name        Object

    0x20000000   COMPRESSED   0x00000004   Data   RW         3287    .data               mc_w.l(stdin.o)
    0x20000004   COMPRESSED   0x00000004   Data   RW         3288    .data               mc_w.l(stdout.o)
    0x20000008   COMPRESSED   0x00000004   Data   RW         3306    .data               mc_w.l(mvars.o)
    0x2000000c   COMPRESSED   0x00000004   Data   RW         3307    .data               mc_w.l(mvars.o)
    0x20000010   COMPRESSED   0x00000003   Data   RW         3341    .data               mc_w.l(fgetc_b.o)
    0x20000013   COMPRESSED   0x00000001   PAD
    0x20000014   COMPRESSED   0x00000070   Data   RW          183    .data..L_MergedGlobals  network.o
    0x20000084   COMPRESSED   0x00000008   Data   RW          538    .data..L_MergedGlobals  stm32l4xx_hal.o
    0x2000008c   COMPRESSED   0x00000070   Data   RW          184    .data..L_MergedGlobals.142  network.o
    0x200000fc   COMPRESSED   0x00000070   Data   RW          185    .data..L_MergedGlobals.143  network.o
    0x2000016c   COMPRESSED   0x00000020   Data   RW          186    .data..L_MergedGlobals.144  network.o
    0x2000018c   COMPRESSED   0x00000010   Data   RW           34    .data..compoundliteral  network.o
    0x2000019c   COMPRESSED   0x00000010   Data   RW          206    .data..compoundliteral  network_data.o
    0x200001ac   COMPRESSED   0x00000010   Data   RW          208    .data..compoundliteral.1  network_data.o
    0x200001bc   COMPRESSED   0x00000010   Data   RW          141    .data..compoundliteral.100  network.o
    0x200001cc   COMPRESSED   0x00000010   Data   RW          142    .data..compoundliteral.101  network.o
    0x200001dc   COMPRESSED   0x00000004   Data   RW          144    .data..compoundliteral.103  network.o
    0x200001e0   COMPRESSED   0x00000004   Data   RW          145    .data..compoundliteral.104  network.o
    0x200001e4   COMPRESSED   0x0000000c   Data   RW          146    .data..compoundliteral.105  network.o
    0x200001f0   COMPRESSED   0x00000030   Data   RW          148    .data..compoundliteral.107  network.o
    0x20000220   COMPRESSED   0x00000010   Data   RW          149    .data..compoundliteral.108  network.o
    0x20000230   COMPRESSED   0x00000010   Data   RW          150    .data..compoundliteral.109  network.o
    0x20000240   COMPRESSED   0x00000010   Data   RW          152    .data..compoundliteral.111  network.o
    0x20000250   COMPRESSED   0x00000010   Data   RW          153    .data..compoundliteral.112  network.o
    0x20000260   COMPRESSED   0x00000010   Data   RW          155    .data..compoundliteral.114  network.o
    0x20000270   COMPRESSED   0x00000010   Data   RW          156    .data..compoundliteral.115  network.o
    0x20000280   COMPRESSED   0x00000004   Data   RW          158    .data..compoundliteral.117  network.o
    0x20000284   COMPRESSED   0x00000004   Data   RW          159    .data..compoundliteral.118  network.o
    0x20000288   COMPRESSED   0x0000000c   Data   RW          160    .data..compoundliteral.119  network.o
    0x20000294   COMPRESSED   0x0000000c   Data   RW           42    .data..compoundliteral.12  network.o
    0x200002a0   COMPRESSED   0x00000030   Data   RW          162    .data..compoundliteral.121  network.o
    0x200002d0   COMPRESSED   0x00000010   Data   RW          163    .data..compoundliteral.122  network.o
    0x200002e0   COMPRESSED   0x00000010   Data   RW          164    .data..compoundliteral.123  network.o
    0x200002f0   COMPRESSED   0x00000010   Data   RW          166    .data..compoundliteral.125  network.o
    0x20000300   COMPRESSED   0x00000010   Data   RW          167    .data..compoundliteral.126  network.o
    0x20000310   COMPRESSED   0x00000010   Data   RW          169    .data..compoundliteral.128  network.o
    0x20000320   COMPRESSED   0x00000010   Data   RW          170    .data..compoundliteral.129  network.o
    0x20000330   COMPRESSED   0x00000004   Data   RW           43    .data..compoundliteral.13  network.o
    0x20000334   COMPRESSED   0x00000004   Data   RW          172    .data..compoundliteral.131  network.o
    0x20000338   COMPRESSED   0x00000004   Data   RW          173    .data..compoundliteral.132  network.o
    0x2000033c   COMPRESSED   0x0000000c   Data   RW          174    .data..compoundliteral.133  network.o
    0x20000348   COMPRESSED   0x00000030   Data   RW          176    .data..compoundliteral.135  network.o
    0x20000378   COMPRESSED   0x00000010   Data   RW          177    .data..compoundliteral.136  network.o
    0x20000388   COMPRESSED   0x00000010   Data   RW          178    .data..compoundliteral.137  network.o
    0x20000398   COMPRESSED   0x00000010   Data   RW          180    .data..compoundliteral.139  network.o
    0x200003a8   COMPRESSED   0x00000010   Data   RW          181    .data..compoundliteral.140  network.o
    0x200003b8   COMPRESSED   0x0000000c   Data   RW           47    .data..compoundliteral.17  network.o
    0x200003c4   COMPRESSED   0x00000018   Data   RW           48    .data..compoundliteral.18  network.o
    0x200003dc   COMPRESSED   0x00000010   Data   RW           50    .data..compoundliteral.20  network.o
    0x200003ec   COMPRESSED   0x00000010   Data   RW           51    .data..compoundliteral.21  network.o
    0x200003fc   COMPRESSED   0x00000010   Data   RW           53    .data..compoundliteral.23  network.o
    0x2000040c   COMPRESSED   0x00000010   Data   RW           54    .data..compoundliteral.24  network.o
    0x2000041c   COMPRESSED   0x00000004   Data   RW           77    .data..compoundliteral.36  network.o
    0x20000420   COMPRESSED   0x00000004   Data   RW           78    .data..compoundliteral.37  network.o
    0x20000424   COMPRESSED   0x00000008   Data   RW           79    .data..compoundliteral.38  network.o
    0x2000042c   COMPRESSED   0x00000030   Data   RW           81    .data..compoundliteral.40  network.o
    0x2000045c   COMPRESSED   0x00000010   Data   RW           82    .data..compoundliteral.41  network.o
    0x2000046c   COMPRESSED   0x00000010   Data   RW           83    .data..compoundliteral.42  network.o
    0x2000047c   COMPRESSED   0x00000010   Data   RW           85    .data..compoundliteral.44  network.o
    0x2000048c   COMPRESSED   0x00000010   Data   RW           86    .data..compoundliteral.45  network.o
    0x2000049c   COMPRESSED   0x00000010   Data   RW           88    .data..compoundliteral.47  network.o
    0x200004ac   COMPRESSED   0x00000010   Data   RW           89    .data..compoundliteral.48  network.o
    0x200004bc   COMPRESSED   0x0000001c   Data   RW           35    .data..compoundliteral.5  network.o
    0x200004d8   COMPRESSED   0x00000004   Data   RW           91    .data..compoundliteral.50  network.o
    0x200004dc   COMPRESSED   0x00000004   Data   RW           92    .data..compoundliteral.51  network.o
    0x200004e0   COMPRESSED   0x00000030   Data   RW           95    .data..compoundliteral.54  network.o
    0x20000510   COMPRESSED   0x00000010   Data   RW           96    .data..compoundliteral.55  network.o
    0x20000520   COMPRESSED   0x00000010   Data   RW           97    .data..compoundliteral.56  network.o
    0x20000530   COMPRESSED   0x00000004   Data   RW           99    .data..compoundliteral.58  network.o
    0x20000534   COMPRESSED   0x00000004   Data   RW          100    .data..compoundliteral.59  network.o
    0x20000538   COMPRESSED   0x00000010   Data   RW           36    .data..compoundliteral.6  network.o
    0x20000548   COMPRESSED   0x00000008   Data   RW          101    .data..compoundliteral.60  network.o
    0x20000550   COMPRESSED   0x00000030   Data   RW          103    .data..compoundliteral.62  network.o
    0x20000580   COMPRESSED   0x00000010   Data   RW          104    .data..compoundliteral.63  network.o
    0x20000590   COMPRESSED   0x00000010   Data   RW          105    .data..compoundliteral.64  network.o
    0x200005a0   COMPRESSED   0x00000010   Data   RW          107    .data..compoundliteral.66  network.o
    0x200005b0   COMPRESSED   0x00000010   Data   RW          108    .data..compoundliteral.67  network.o
    0x200005c0   COMPRESSED   0x00000010   Data   RW          110    .data..compoundliteral.69  network.o
    0x200005d0   COMPRESSED   0x0000001c   Data   RW           37    .data..compoundliteral.7  network.o
    0x200005ec   COMPRESSED   0x00000010   Data   RW          111    .data..compoundliteral.70  network.o
    0x200005fc   COMPRESSED   0x00000004   Data   RW          113    .data..compoundliteral.72  network.o
    0x20000600   COMPRESSED   0x00000004   Data   RW          114    .data..compoundliteral.73  network.o
    0x20000604   COMPRESSED   0x0000000c   Data   RW          115    .data..compoundliteral.74  network.o
    0x20000610   COMPRESSED   0x00000030   Data   RW          117    .data..compoundliteral.76  network.o
    0x20000640   COMPRESSED   0x00000010   Data   RW          118    .data..compoundliteral.77  network.o
    0x20000650   COMPRESSED   0x00000010   Data   RW          119    .data..compoundliteral.78  network.o
    0x20000660   COMPRESSED   0x00000004   Data   RW           38    .data..compoundliteral.8  network.o
    0x20000664   COMPRESSED   0x00000010   Data   RW          121    .data..compoundliteral.80  network.o
    0x20000674   COMPRESSED   0x00000010   Data   RW          122    .data..compoundliteral.81  network.o
    0x20000684   COMPRESSED   0x00000010   Data   RW          124    .data..compoundliteral.83  network.o
    0x20000694   COMPRESSED   0x00000010   Data   RW          125    .data..compoundliteral.84  network.o
    0x200006a4   COMPRESSED   0x00000010   Data   RW          127    .data..compoundliteral.86  network.o
    0x200006b4   COMPRESSED   0x00000010   Data   RW          128    .data..compoundliteral.87  network.o
    0x200006c4   COMPRESSED   0x00000004   Data   RW          130    .data..compoundliteral.89  network.o
    0x200006c8   COMPRESSED   0x00000004   Data   RW          131    .data..compoundliteral.90  network.o
    0x200006cc   COMPRESSED   0x0000000c   Data   RW          132    .data..compoundliteral.91  network.o
    0x200006d8   COMPRESSED   0x00000030   Data   RW          134    .data..compoundliteral.93  network.o
    0x20000708   COMPRESSED   0x00000010   Data   RW          135    .data..compoundliteral.94  network.o
    0x20000718   COMPRESSED   0x00000010   Data   RW          136    .data..compoundliteral.95  network.o
    0x20000728   COMPRESSED   0x00000010   Data   RW          138    .data..compoundliteral.97  network.o
    0x20000738   COMPRESSED   0x00000010   Data   RW          139    .data..compoundliteral.98  network.o
    0x20000748   COMPRESSED   0x00000004   Data   RW         1932    .data.SystemCoreClock  system_stm32l4xx.o
    0x2000074c   COMPRESSED   0x0000004c   Data   RW           49    .data.g_network     network.o
    0x20000798   COMPRESSED   0x0000001c   Data   RW          207    .data.g_network_data_map_activations  network_data.o
    0x200007b4   COMPRESSED   0x0000001c   Data   RW          209    .data.g_network_data_map_weights  network_data.o
    0x200007d0   COMPRESSED   0x0000001c   Data   RW          171    .data.input_12_bias  network.o
    0x200007ec   COMPRESSED   0x00000040   Data   RW           61    .data.input_12_layer  network.o
    0x2000082c   COMPRESSED   0x0000001c   Data   RW          151    .data.input_12_output  network.o
    0x20000848   COMPRESSED   0x0000001c   Data   RW          168    .data.input_12_weights  network.o
    0x20000864   COMPRESSED   0x0000001c   Data   RW           52    .data.input_1_output  network.o
    0x20000880   COMPRESSED   0x0000001c   Data   RW          157    .data.input_20_bias  network.o
    0x2000089c   COMPRESSED   0x00000040   Data   RW           64    .data.input_20_layer  network.o
    0x200008dc   COMPRESSED   0x0000001c   Data   RW          137    .data.input_20_output  network.o
    0x200008f8   COMPRESSED   0x0000001c   Data   RW          154    .data.input_20_weights  network.o
    0x20000914   COMPRESSED   0x0000001c   Data   RW          143    .data.input_28_bias  network.o
    0x20000930   COMPRESSED   0x00000040   Data   RW           67    .data.input_28_layer  network.o
    0x20000970   COMPRESSED   0x0000001c   Data   RW          120    .data.input_28_output  network.o
    0x2000098c   COMPRESSED   0x0000001c   Data   RW          140    .data.input_28_weights  network.o
    0x200009a8   COMPRESSED   0x0000001c   Data   RW          129    .data.input_36_bias  network.o
    0x200009c4   COMPRESSED   0x00000040   Data   RW           71    .data.input_36_layer  network.o
    0x20000a04   COMPRESSED   0x0000001c   Data   RW          123    .data.input_36_output  network.o
    0x20000a20   COMPRESSED   0x0000001c   Data   RW          106    .data.input_36_output0  network.o
    0x20000a3c   COMPRESSED   0x0000001c   Data   RW          126    .data.input_36_weights  network.o
    0x20000a58   COMPRESSED   0x0000001c   Data   RW          112    .data.input_44_bias  network.o
    0x20000a74   COMPRESSED   0x0000001c   Data   RW           68    .data.input_44_layer  network.o
    0x20000a90   COMPRESSED   0x0000001c   Data   RW           98    .data.input_44_output  network.o
    0x20000aac   COMPRESSED   0x0000001c   Data   RW          109    .data.input_44_weights  network.o
    0x20000ac8   COMPRESSED   0x0000001c   Data   RW          182    .data.input_4_bias  network.o
    0x20000ae4   COMPRESSED   0x00000040   Data   RW           58    .data.input_4_layer  network.o
    0x20000b24   COMPRESSED   0x0000001c   Data   RW          165    .data.input_4_output  network.o
    0x20000b40   COMPRESSED   0x0000001c   Data   RW          179    .data.input_4_weights  network.o
    0x20000b5c   COMPRESSED   0x0000001c   Data   RW           90    .data.node_64_bias  network.o
    0x20000b78   COMPRESSED   0x0000001c   Data   RW           74    .data.node_64_layer  network.o
    0x20000b94   COMPRESSED   0x0000001c   Data   RW           55    .data.node_64_output  network.o
    0x20000bb0   COMPRESSED   0x0000001c   Data   RW           87    .data.node_64_weights  network.o
    0x20000bcc   COMPRESSED   0x00000020   Data   RW           72    .data.onnxGemm_63_layer  network.o
    0x20000bec   COMPRESSED   0x0000001c   Data   RW           84    .data.onnxGemm_63_output  network.o
    0x20000c08   COMPRESSED   0x00000018   PAD
    0x20000c20        -       0x00000014   Zero   RW          308    .bss..L_MergedGlobals  app_x-cube-ai.o
    0x20000c34        -       0x00000008   Zero   RW          187    .bss..L_MergedGlobals.145  network.o
    0x20000c3c        -       0x0000001c   Zero   RW           40    .bss..compoundliteral.10  network.o
    0x20000c58        -       0x00000004   Zero   RW          147    .bss..compoundliteral.106  network.o
    0x20000c5c        -       0x00000008   Zero   RW           41    .bss..compoundliteral.11  network.o
    0x20000c64        -       0x00000004   Zero   RW          161    .bss..compoundliteral.120  network.o
    0x20000c68        -       0x00000004   Zero   RW          175    .bss..compoundliteral.134  network.o
    0x20000c6c        -       0x00000010   Zero   RW           44    .bss..compoundliteral.14  network.o
    0x20000c7c        -       0x0000001c   Zero   RW           45    .bss..compoundliteral.15  network.o
    0x20000c98        -       0x00000008   Zero   RW           46    .bss..compoundliteral.16  network.o
    0x20000ca0        -       0x00000010   Zero   RW           57    .bss..compoundliteral.26  network.o
    0x20000cb0        -       0x00000010   Zero   RW           60    .bss..compoundliteral.28  network.o
    0x20000cc0        -       0x00000010   Zero   RW           63    .bss..compoundliteral.30  network.o
    0x20000cd0        -       0x00000010   Zero   RW           66    .bss..compoundliteral.32  network.o
    0x20000ce0        -       0x00000010   Zero   RW           70    .bss..compoundliteral.34  network.o
    0x20000cf0        -       0x00000004   Zero   RW           80    .bss..compoundliteral.39  network.o
    0x20000cf4        -       0x00000004   Zero   RW           93    .bss..compoundliteral.52  network.o
    0x20000cf8        -       0x00000004   Zero   RW           94    .bss..compoundliteral.53  network.o
    0x20000cfc        -       0x00000004   Zero   RW          102    .bss..compoundliteral.61  network.o
    0x20000d00        -       0x00000004   Zero   RW          116    .bss..compoundliteral.75  network.o
    0x20000d04        -       0x00000010   Zero   RW           39    .bss..compoundliteral.9  network.o
    0x20000d14        -       0x00000004   Zero   RW          133    .bss..compoundliteral.92  network.o
    0x20000d18   COMPRESSED   0x00000008   PAD
    0x20000d20        -       0x00001d64   Zero   RW          306    .bss.activations    app_x-cube-ai.o
    0x20002a84        -       0x00000024   Zero   RW          262    .bss.hcrc           crc.o
    0x20002aa8        -       0x00000084   Zero   RW          281    .bss.hlpuart1       usart.o
    0x20002b2c        -       0x0000050c   Zero   RW          331    .bss.hpcd_USB_OTG_FS  usb_otg.o
    0x20003038        -       0x00001388   Zero   RW          236    .bss.input          main.o
    0x200043c0        -       0x00000008   Zero   RW          237    .bss.result         main.o
    0x200043c8        -       0x00000004   Zero   RW          537    .bss.uwTick         stm32l4xx_hal.o
    0x200043cc   COMPRESSED   0x00000004   PAD
    0x200043d0        -       0x00000800   Zero   RW            2    HEAP                startup_stm32l4a6xx.o
    0x20004bd0        -       0x00000800   Zero   RW            1    STACK               startup_stm32l4a6xx.o


==============================================================================

Image component sizes


      Code (inc. data)   RO Data    RW Data    ZI Data      Debug   Object Name

       108          8          0          0       7544       4801   app_x-cube-ai.o
        88         16          0          0         36       3229   crc.o
       242         12          0          0          0       2517   gpio.o
       520         60          0          0       5008       4371   main.o
       616         28         64       2960        228      13228   network.o
        48          8         16         88          0       3441   network_data.o
         0          0       1848          0          0        829   network_data_params.o
        36          8        428          0       4096        912   startup_stm32l4a6xx.o
       156          8          0          8          4       9330   stm32l4xx_hal.o
       176         24          0          0          0      10583   stm32l4xx_hal_cortex.o
       112          4          0          0          0       5457   stm32l4xx_hal_crc.o
        78          4          0          0          0       2851   stm32l4xx_hal_crc_ex.o
       426         20          0          0          0       5452   stm32l4xx_hal_gpio.o
        48          4          0          0          0       1685   stm32l4xx_hal_msp.o
       330          0          0          0          0      15681   stm32l4xx_hal_pcd.o
        40          4          0          0          0       5967   stm32l4xx_hal_pcd_ex.o
        12          0          0          0          0       5666   stm32l4xx_hal_pwr.o
       154         12          0          0          0       9994   stm32l4xx_hal_pwr_ex.o
      2094         80          0          0          0      10571   stm32l4xx_hal_rcc.o
      1364         36          0          0          0      16702   stm32l4xx_hal_rcc_ex.o
      1466         90         16          0          0      29253   stm32l4xx_hal_uart.o
        22          0          0          0          0       1293   stm32l4xx_it.o
       204         36          0          0          0      13645   stm32l4xx_ll_tim.o
       724         12          0          0          0      23144   stm32l4xx_ll_usb.o
        16          4         72          4          0       3049   system_stm32l4xx.o
       140         20          0          0          0       6446   tim.o
       308         20          0          0        132       9472   usart.o
       268          8          0          0       1292       6809   usb_otg.o

    ----------------------------------------------------------------------
      9818        526       2492       3060      18376     226378   Object Totals
         0          0         32          0          0          0   (incl. Generated)
        22          0         16          0         36          0   (incl. Padding)

    ----------------------------------------------------------------------

      Code (inc. data)   RO Data    RW Data    ZI Data      Debug   Library Member Name

       380         54          0          0          0        360   ai_datatypes_format.o
        52          6          0          0          0        232   ai_datatypes_internal.o
       158          8          0          0          0        368   ai_platform.o
      2442        110        108          0          0       3244   ai_platform_interface.o
        42          0          0          0          0        348   core_common.o
       224          6          0          0          0        624   layers.o
      3826         42          0          0          0       1908   layers_conv2d_generic_float.o
       516         18          0          0          0        656   layers_nl_generic_float.o
        32          6          0          0          0         84   __0scanf.o
        86          0          0          0          0          0   __dczerorl2.o
        28          0          0          0          0         68   _chval.o
       818          4          0          0          0        112   _scanf.o
       338          0          0          0          0         96   _scanf_int.o
        40          6         64          0          0         68   ctype_c.o
         0          0          0          0          0          0   entry.o
         0          0          0          0          0          0   entry10a.o
         0          0          0          0          0          0   entry11a.o
         8          4          0          0          0          0   entry2.o
         4          0          0          0          0          0   entry5.o
         0          0          0          0          0          0   entry7b.o
         0          0          0          0          0          0   entry8b.o
         8          4          0          0          0          0   entry9a.o
        44          6          0          3          0        144   fgetc_b.o
        30          0          0          0          0          0   handlers.o
        36          8          0          0          0         68   init.o
        10          0          0          0          0         68   isspace_c.o
         0          0          0          0          0          0   iusefp.o
         0          0          0          0          0          0   iusesemig.o
        30          0          0          0          0         68   llshl.o
        36          0          0          0          0         68   llsshr.o
        32          0          0          0          0         68   llushr.o
       252         24          0          0          0        252   mallocr.o
        26          0          0          0          0         80   memcmp.o
        36          0          0          0          0         68   memcpya.o
        36          0          0          0          0        108   memseta.o
         0          0          0          8          0          0   mvars.o
      2270         90          0          0          0        452   printfa.o
        40          8          0          0          0         84   scanf_char.o
        20          8          0          0          0         68   scanf_char_file.o
       884         12          0          0          0        216   scanf_fp.o
         0          0          0          0          0          0   semi.o
         0          0          0          4          0          0   stdin.o
         0          0          0          4          0          0   stdout.o
        44          0          0          0          0         80   uidiv.o
       104          0          0          0          0         92   uldiv.o
        48          0          0          0          0         68   cdrcmple.o
        56          0          0          0          0         88   d2f.o
       350          0          0          0          0        148   dadd.o
       222          0          0          0          0        100   ddiv.o
       186          0          0          0          0        176   depilogue.o
        48          0          0          0          0         68   dfixul.o
        26          0          0          0          0         76   dfltui.o
        24          0          0          0          0         76   dfltul.o
       234          0          0          0          0         96   dmul.o
       110          0          0          0          0        168   fepilogue.o

    ----------------------------------------------------------------------
     14262        424        172         20          0      11216   Library Totals
        26          0          0          1          0          0   (incl. Padding)

    ----------------------------------------------------------------------

      Code (inc. data)   RO Data    RW Data    ZI Data      Debug   Library Name

      7640        244        108          0          0       7740   NetworkRuntime720_CM4_Keil.lib
      5292        180         64         19          0       2412   mc_w.l
      1304          0          0          0          0       1064   mf_w.l

    ----------------------------------------------------------------------
     14262        424        172         20          0      11216   Library Totals

    ----------------------------------------------------------------------

==============================================================================


      Code (inc. data)   RO Data    RW Data    ZI Data      Debug   

     24080        950       2664       3080      18376     230106   Grand Totals
     24080        950       2664       1088      18376     230106   ELF Image Totals (compressed)
     24080        950       2664       1088          0          0   ROM Totals

==============================================================================

    Total RO  Size (Code + RO Data)                26744 (  26.12kB)
    Total RW  Size (RW Data + ZI Data)             21456 (  20.95kB)
    Total ROM Size (Code + RO Data + RW Data)      27832 (  27.18kB)

==============================================================================

