<html>
<body>
<pre>
<h1>µVision Build Log</h1>
<h2>Tool Versions:</h2>
IDE-Version: µVision V5.37.0.0
Copyright (C) 2022 ARM Ltd and ARM Germany GmbH. All rights reserved.
License Information: Matteo Risso, Politecnico di Torino, LIC=MGXHJ-DF0EA-SJNFH-EBYPP-CZLPV-2BW1Y
 
Tool Versions:
Toolchain:       MDK-ARM Professional  Version: 5.37.0.0
Toolchain Path:  D:\ProgrammiVari\Keil_v5\ARM\ARMCLANG\Bin
C Compiler:      ArmClang.exe V6.18
Assembler:       Armasm.exe V6.18
Linker/Locator:  ArmLink.exe V6.18
Library Manager: ArmAr.exe V6.18
Hex Converter:   FromElf.exe V6.18
CPU DLL:         SARMCM3.DLL V5.37.0.0
Dialog DLL:      DCM.DLL V1.17.5.0
Target DLL:      STLink\ST-LINKIII-KEIL_SWO.dll V3.0.9.0
Dialog DLL:      TCM.DLL V1.56.1.0
 
<h2>Project:</h2>
C:\Users\Admin\Dropbox (Politecnico Di Torino Studenti)\phd\Works\tinydl-challenge\submission\c_code_l4a6zg\deploy_app\MDK-ARM\deploy_app.uvprojx
Project File Date:  09/29/2022

<h2>Output:</h2>
*** Using Compiler 'V6.18', folder: 'D:\ProgrammiVari\Keil_v5\ARM\ARMCLANG\Bin'
Rebuild target 'deploy_app'
compiling network_data.c...
ArmClang: warning: Your license for feature Keil will expire in 26 days [-Wlicense-management]
ArmClang: warning: Your license for feature Keil will expire in 26 days [-Wlicense-management]
assembling startup_stm32l4a6xx.s...
compiling network.c...
compiling network_data_params.c...
compiling main.c...
compiling gpio.c...
compiling crc.c...
compiling usart.c...
compiling app_x-cube-ai.c...
compiling tim.c...
compiling usb_otg.c...
compiling stm32l4xx_it.c...
compiling stm32l4xx_hal_msp.c...
compiling stm32l4xx_ll_utils.c...
compiling stm32l4xx_ll_exti.c...
compiling stm32l4xx_hal_crc.c...
compiling stm32l4xx_hal_crc_ex.c...
compiling stm32l4xx_hal.c...
compiling stm32l4xx_hal_i2c_ex.c...
compiling stm32l4xx_hal_rcc.c...
compiling stm32l4xx_hal_i2c.c...
compiling stm32l4xx_hal_flash.c...
compiling stm32l4xx_hal_rcc_ex.c...
compiling stm32l4xx_hal_flash_ramfunc.c...
compiling stm32l4xx_hal_flash_ex.c...
compiling stm32l4xx_hal_gpio.c...
compiling stm32l4xx_hal_dma_ex.c...
compiling stm32l4xx_hal_dma.c...
compiling stm32l4xx_hal_pwr.c...
compiling stm32l4xx_hal_pwr_ex.c...
compiling stm32l4xx_hal_cortex.c...
compiling stm32l4xx_hal_exti.c...
compiling stm32l4xx_hal_tim.c...
compiling stm32l4xx_hal_uart_ex.c...
compiling stm32l4xx_hal_tim_ex.c...
compiling stm32l4xx_hal_uart.c...
compiling stm32l4xx_ll_tim.c...
compiling stm32l4xx_ll_gpio.c...
compiling stm32l4xx_ll_dma.c...
compiling stm32l4xx_hal_pcd_ex.c...
compiling stm32l4xx_hal_pcd.c...
compiling system_stm32l4xx.c...
compiling stm32l4xx_ll_usb.c...
linking...
Program Size: Code=24080 RO-data=2664 RW-data=3080 ZI-data=18376  
FromELF: creating hex file...
deploy_app\deploy_app.hex: Warning: Q9931W: Your license for feature Keil will expire in 26 days
Finished: 0 information, 1 warning and 0 error messages.
"deploy_app\deploy_app.axf" - 0 Error(s), 2 Warning(s).

<h2>Software Packages used:</h2>

Package Vendor: ARM
                http://www.keil.com/pack/ARM.CMSIS.5.9.0.pack
                ARM.CMSIS.5.9.0
                CMSIS (Common Microcontroller Software Interface Standard)
   * Component: CORE Version: 5.6.0

Package Vendor: Keil
                http://www.keil.com/pack/Keil.STM32L4xx_DFP.2.6.1.pack
                Keil.STM32L4xx_DFP.2.6.1
                STMicroelectronics STM32L4 Series Device Support, Drivers and Examples

<h2>Collection of Component include folders:</h2>
  ./RTE/_deploy_app
  C:/Users/Admin/AppData/Local/Arm/Packs/ARM/CMSIS/5.9.0/CMSIS/Core/Include
  C:/Users/Admin/AppData/Local/Arm/Packs/Keil/STM32L4xx_DFP/2.6.1/Drivers/CMSIS/Device/ST/STM32L4xx/Include

<h2>Collection of Component Files used:</h2>

   * Component: ARM::CMSIS:CORE:5.6.0
Build Time Elapsed:  00:00:07
</pre>
</body>
</html>
